Archive member included to satisfy reference by file (symbol)

/home/jorim/esp32/workspace/4-in-a-row/build/cxx/libcxx.a(cxx_guards.o)
                              (__cxa_guard_dummy)
/home/jorim/esp32/workspace/4-in-a-row/build/cxx/libcxx.a(cxx_exception_stubs.o)
                              (__cxx_fatal_exception)
/home/jorim/esp32/workspace/4-in-a-row/build/esp32/libesp32.a(panic.o)
                              /home/jorim/esp32/workspace/4-in-a-row/build/cxx/libcxx.a(cxx_guards.o) (abort)
/home/jorim/esp32/workspace/4-in-a-row/build/esp32/libesp32.a(cache_err_int.o)
                              /home/jorim/esp32/workspace/4-in-a-row/build/esp32/libesp32.a(panic.o) (esp_cache_err_get_cpuid)
/home/jorim/esp32/workspace/4-in-a-row/build/esp32/libesp32.a(cpu_start.o)
                              (call_start_cpu0)
/home/jorim/esp32/workspace/4-in-a-row/build/esp32/libesp32.a(ipc.o)
                              /home/jorim/esp32/workspace/4-in-a-row/build/esp32/libesp32.a(cpu_start.o) (esp_ipc_init)
/home/jorim/esp32/workspace/4-in-a-row/build/esp32/libesp32.a(core_dump.o)
                              /home/jorim/esp32/workspace/4-in-a-row/build/esp32/libesp32.a(panic.o) (esp_core_dump_to_flash)
/home/jorim/esp32/workspace/4-in-a-row/build/esp32/libesp32.a(esp_err_to_name.o)
                              /home/jorim/esp32/workspace/4-in-a-row/build/esp32/libesp32.a(panic.o) (esp_err_to_name)
/home/jorim/esp32/workspace/4-in-a-row/build/esp32/libesp32.a(esp_timer.o)
                              /home/jorim/esp32/workspace/4-in-a-row/build/esp32/libesp32.a(cpu_start.o) (esp_timer_init)
/home/jorim/esp32/workspace/4-in-a-row/build/esp32/libesp32.a(dport_access.o)
                              /home/jorim/esp32/workspace/4-in-a-row/build/esp32/libesp32.a(cpu_start.o) (esp_dport_access_stall_other_cpu_start)
/home/jorim/esp32/workspace/4-in-a-row/build/esp32/libesp32.a(system_api.o)
                              /home/jorim/esp32/workspace/4-in-a-row/build/esp32/libesp32.a(panic.o) (esp_restart_noos)
/home/jorim/esp32/workspace/4-in-a-row/build/esp32/libesp32.a(brownout.o)
                              /home/jorim/esp32/workspace/4-in-a-row/build/esp32/libesp32.a(cpu_start.o) (esp_brownout_init)
/home/jorim/esp32/workspace/4-in-a-row/build/esp32/libesp32.a(dport_panic_highint_hdl.o)
                              (ld_include_panic_highint_hdl)
/home/jorim/esp32/workspace/4-in-a-row/build/esp32/libesp32.a(esp_timer_esp32.o)
                              /home/jorim/esp32/workspace/4-in-a-row/build/esp32/libesp32.a(esp_timer.o) (esp_timer_impl_get_time)
/home/jorim/esp32/workspace/4-in-a-row/build/esp32/libesp32.a(clk.o)
                              /home/jorim/esp32/workspace/4-in-a-row/build/esp32/libesp32.a(cpu_start.o) (esp_clk_init)
/home/jorim/esp32/workspace/4-in-a-row/build/esp32/libesp32.a(crosscore_int.o)
                              /home/jorim/esp32/workspace/4-in-a-row/build/esp32/libesp32.a(cpu_start.o) (esp_crosscore_int_init)
/home/jorim/esp32/workspace/4-in-a-row/build/esp32/libesp32.a(intr_alloc.o)
                              /home/jorim/esp32/workspace/4-in-a-row/build/esp32/libesp32.a(esp_timer_esp32.o) (esp_intr_enable)
/home/jorim/esp32/esp-idf/components/esp32/libhal.a(int_asm--set_intclear.o)
                              /home/jorim/esp32/workspace/4-in-a-row/build/esp32/libesp32.a(intr_alloc.o) (xthal_set_intclear)
/home/jorim/esp32/workspace/4-in-a-row/build/freertos/libfreertos.a(xtensa_intr.o)
                              /home/jorim/esp32/workspace/4-in-a-row/build/esp32/libesp32.a(intr_alloc.o) (xt_unhandled_interrupt)
/home/jorim/esp32/workspace/4-in-a-row/build/freertos/libfreertos.a(queue.o)
                              /home/jorim/esp32/workspace/4-in-a-row/build/esp32/libesp32.a(ipc.o) (xQueueGenericCreate)
/home/jorim/esp32/workspace/4-in-a-row/build/freertos/libfreertos.a(list.o)
                              /home/jorim/esp32/workspace/4-in-a-row/build/freertos/libfreertos.a(queue.o) (vListInitialise)
/home/jorim/esp32/workspace/4-in-a-row/build/freertos/libfreertos.a(port.o)
                              /home/jorim/esp32/workspace/4-in-a-row/build/esp32/libesp32.a(cpu_start.o) (port_xSchedulerRunning)
/home/jorim/esp32/workspace/4-in-a-row/build/freertos/libfreertos.a(tasks.o)
                              /home/jorim/esp32/workspace/4-in-a-row/build/esp32/libesp32.a(system_api.o) (vTaskSuspendAll)
/home/jorim/esp32/workspace/4-in-a-row/build/freertos/libfreertos.a(timers.o)
                              /home/jorim/esp32/workspace/4-in-a-row/build/freertos/libfreertos.a(tasks.o) (xTimerCreateTimerTask)
/home/jorim/esp32/workspace/4-in-a-row/build/freertos/libfreertos.a(FreeRTOS-openocd.o)
                              (uxTopUsedPriority)
/home/jorim/esp32/workspace/4-in-a-row/build/freertos/libfreertos.a(xtensa_intr_asm.o)
                              /home/jorim/esp32/workspace/4-in-a-row/build/esp32/libesp32.a(intr_alloc.o) (_xt_interrupt_table)
[...]
Memory Configuration

Name             Origin             Length             Attributes
iram0_0_seg      0x0000000040080000 0x0000000000020000 xr
iram0_2_seg      0x00000000400d0018 0x000000000032ffe8 xr
dram0_0_seg      0x000000003ffb0000 0x000000000002c200 rw
drom0_0_seg      0x000000003f400018 0x00000000003fffe8 r
rtc_iram_seg     0x00000000400c0000 0x0000000000002000 xrw
rtc_slow_seg     0x0000000050000000 0x0000000000001000 rw
*default*        0x0000000000000000 0xffffffffffffffff

Linker script and memory map

START GROUP
LOAD /home/jorim/esp32/workspace/4-in-a-row/build/app_trace/libapp_trace.a
LOAD /home/jorim/esp32/workspace/4-in-a-row/build/app_update/libapp_update.a
LOAD /home/jorim/esp32/workspace/4-in-a-row/build/bootloader_support/libbootloader_support.a
LOAD /home/jorim/esp32/workspace/4-in-a-row/build/bt/libbt.a
LOAD /home/jorim/esp32/workspace/4-in-a-row/build/coap/libcoap.a
LOAD /home/jorim/esp32/workspace/4-in-a-row/build/console/libconsole.a
LOAD /home/jorim/esp32/workspace/4-in-a-row/build/cxx/libcxx.a
LOAD /home/jorim/esp32/workspace/4-in-a-row/build/driver/libdriver.a
LOAD /home/jorim/esp32/workspace/4-in-a-row/build/esp-tls/libesp-tls.a
LOAD /home/jorim/esp32/workspace/4-in-a-row/build/esp32/libesp32.a
LOAD /home/jorim/esp32/esp-idf/components/esp32/libhal.a
LOAD /home/jorim/esp32/esp-idf/components/esp32/lib/libcore.a
LOAD /home/jorim/esp32/esp-idf/components/esp32/lib/librtc.a
LOAD /home/jorim/esp32/esp-idf/components/esp32/lib/libnet80211.a
LOAD /home/jorim/esp32/esp-idf/components/esp32/lib/libpp.a
LOAD /home/jorim/esp32/esp-idf/components/esp32/lib/libwpa.a
LOAD /home/jorim/esp32/esp-idf/components/esp32/lib/libsmartconfig.a
LOAD /home/jorim/esp32/esp-idf/components/esp32/lib/libcoexist.a
LOAD /home/jorim/esp32/esp-idf/components/esp32/lib/libwps.a
LOAD /home/jorim/esp32/esp-idf/components/esp32/lib/libwpa2.a
LOAD /home/jorim/esp32/esp-idf/components/esp32/lib/libespnow.a
LOAD /home/jorim/esp32/esp-idf/components/esp32/lib/libphy.a
LOAD /home/jorim/esp32/esp-idf/components/esp32/lib/libmesh.a
LOAD /home/jorim/esp32/workspace/4-in-a-row/build/esp_adc_cal/libesp_adc_cal.a
LOAD /home/jorim/esp32/workspace/4-in-a-row/build/esp_http_client/libesp_http_client.a
LOAD /home/jorim/esp32/workspace/4-in-a-row/build/ethernet/libethernet.a
LOAD /home/jorim/esp32/workspace/4-in-a-row/build/expat/libexpat.a
LOAD /home/jorim/esp32/workspace/4-in-a-row/build/fatfs/libfatfs.a
LOAD /home/jorim/esp32/workspace/4-in-a-row/build/freertos/libfreertos.a
LOAD /home/jorim/esp32/workspace/4-in-a-row/build/heap/libheap.a
LOAD /home/jorim/esp32/workspace/4-in-a-row/build/idf_test/libidf_test.a
LOAD /home/jorim/esp32/workspace/4-in-a-row/build/jsmn/libjsmn.a
LOAD /home/jorim/esp32/workspace/4-in-a-row/build/json/libjson.a
LOAD /home/jorim/esp32/workspace/4-in-a-row/build/libsodium/liblibsodium.a
LOAD /home/jorim/esp32/workspace/4-in-a-row/build/log/liblog.a
LOAD /home/jorim/esp32/workspace/4-in-a-row/build/lwip/liblwip.a
LOAD /home/jorim/esp32/workspace/4-in-a-row/build/main/libmain.a
LOAD /home/jorim/esp32/workspace/4-in-a-row/build/mbedtls/libmbedtls.a
LOAD /home/jorim/esp32/workspace/4-in-a-row/build/mdns/libmdns.a
LOAD /home/jorim/esp32/workspace/4-in-a-row/build/micro-ecc/libmicro-ecc.a
LOAD /home/jorim/esp32/esp-idf/components/newlib/lib/libc_nano.a
LOAD /home/jorim/esp32/esp-idf/components/newlib/lib/libm.a
LOAD /home/jorim/esp32/workspace/4-in-a-row/build/newlib/libnewlib.a
LOAD /home/jorim/esp32/workspace/4-in-a-row/build/nghttp/libnghttp.a
LOAD /home/jorim/esp32/workspace/4-in-a-row/build/nvs_flash/libnvs_flash.a
LOAD /home/jorim/esp32/workspace/4-in-a-row/build/openssl/libopenssl.a
LOAD /home/jorim/esp32/workspace/4-in-a-row/build/pthread/libpthread.a
LOAD /home/jorim/esp32/workspace/4-in-a-row/build/sdmmc/libsdmmc.a
LOAD /home/jorim/esp32/workspace/4-in-a-row/build/smartconfig_ack/libsmartconfig_ack.a
LOAD /home/jorim/esp32/workspace/4-in-a-row/build/soc/libsoc.a
LOAD /home/jorim/esp32/workspace/4-in-a-row/build/spi_flash/libspi_flash.a
LOAD /home/jorim/esp32/workspace/4-in-a-row/build/spiffs/libspiffs.a
LOAD /home/jorim/esp32/workspace/4-in-a-row/build/tcpip_adapter/libtcpip_adapter.a
LOAD /home/jorim/esp32/workspace/4-in-a-row/build/ulp/libulp.a
LOAD /home/jorim/esp32/workspace/4-in-a-row/build/vfs/libvfs.a
LOAD /home/jorim/esp32/workspace/4-in-a-row/build/wear_levelling/libwear_levelling.a
LOAD /home/jorim/esp32/workspace/4-in-a-row/build/wpa_supplicant/libwpa_supplicant.a
LOAD /home/jorim/esp32/workspace/4-in-a-row/build/xtensa-debug-module/libxtensa-debug-module.a
LOAD /home/jorim/esp32/xtensa/bin/../lib/gcc/xtensa-esp32-elf/5.2.0/libgcc.a
LOAD /home/jorim/esp32/xtensa/bin/../lib/gcc/xtensa-esp32-elf/5.2.0/../../../../xtensa-esp32-elf/lib/libstdc++.a
LOAD /home/jorim/esp32/xtensa/bin/../lib/gcc/xtensa-esp32-elf/5.2.0/libgcov.a
END GROUP
                0x0000000040000000                _heap_end = 0x40000000

.rtc.text       0x00000000400c0000        0x0
                0x00000000400c0000                . = ALIGN (0x4)
 *(.rtc.literal .rtc.text)
 *rtc_wake_stub*.o(.literal .text .literal.* .text.*)

.rtc.data       0x0000000050000000        0x0
                0x0000000050000000                _rtc_data_start = ABSOLUTE (.)
 *(.rtc.data)
 *(.rtc.rodata)
 *rtc_wake_stub*.o(.data .rodata .data.* .rodata.* .bss .bss.*)
                0x0000000050000000                _rtc_data_end = ABSOLUTE (.)

.rtc.bss        0x0000000050000000        0x0
                0x0000000050000000                _rtc_bss_start = ABSOLUTE (.)
 *rtc_wake_stub*.o(.bss .bss.*)
 *rtc_wake_stub*.o(COMMON)
                0x0000000050000000                _rtc_bss_end = ABSOLUTE (.)

.rtc_noinit     0x0000000050000000        0x0
                0x0000000050000000                . = ALIGN (0x4)
                0x0000000050000000                _rtc_noinit_start = ABSOLUTE (.)
 *(.rtc_noinit .rtc_noinit.*)
                0x0000000050000000                . = ALIGN (0x4)
                0x0000000050000000                _rtc_noinit_end = ABSOLUTE (.)

.iram0.vectors  0x0000000040080000      0x400
                0x0000000040080000                _init_start = ABSOLUTE (.)
                0x0000000000000000                . = 0x0
 *(.WindowVectors.text)
 .WindowVectors.text
                0x0000000040080000      0x16a /home/jorim/esp32/workspace/4-in-a-row/build/freertos/libfreertos.a(xtensa_vectors.o)
                0x0000000040080000                _WindowOverflow4
                0x0000000040080040                _WindowUnderflow4
                0x0000000040080050                _xt_alloca_exc
                0x0000000040080080                _WindowOverflow8
                0x00000000400800c0                _WindowUnderflow8
                0x0000000040080100                _WindowOverflow12
                0x0000000040080140                _WindowUnderflow12
                0x0000000000000180                . = 0x180
 *fill*         0x000000004008016a       0x16 
 *(.Level2InterruptVector.text)
 .Level2InterruptVector.text
                0x0000000040080180        0x6 /home/jorim/esp32/workspace/4-in-a-row/build/freertos/libfreertos.a(xtensa_vectors.o)
                0x0000000040080180                _Level2Vector
                0x00000000000001c0                . = 0x1c0
 *fill*         0x0000000040080186       0x3a 
 *(.Level3InterruptVector.text)
 .Level3InterruptVector.text
                0x00000000400801c0        0x6 /home/jorim/esp32/workspace/4-in-a-row/build/freertos/libfreertos.a(xtensa_vectors.o)
                0x00000000400801c0                _Level3Vector
                0x0000000000000200                . = 0x200
 *fill*         0x00000000400801c6       0x3a 
 *(.Level4InterruptVector.text)
 .Level4InterruptVector.text
                0x0000000040080200        0x6 /home/jorim/esp32/workspace/4-in-a-row/build/freertos/libfreertos.a(xtensa_vectors.o)
                0x0000000040080200                _Level4Vector
                0x0000000000000240                . = 0x240
 *fill*         0x0000000040080206       0x3a 
 *(.Level5InterruptVector.text)
 .Level5InterruptVector.text
                0x0000000040080240        0x6 /home/jorim/esp32/workspace/4-in-a-row/build/freertos/libfreertos.a(xtensa_vectors.o)
                0x0000000040080240                _Level5Vector
                0x0000000000000280                . = 0x280
 *fill*         0x0000000040080246       0x3a 
 *(.DebugExceptionVector.text)
 .DebugExceptionVector.text
                0x0000000040080280        0x6 /home/jorim/esp32/workspace/4-in-a-row/build/freertos/libfreertos.a(xtensa_vectors.o)
                0x0000000040080280                _DebugExceptionVector
                0x00000000000002c0                . = 0x2c0
 *fill*         0x0000000040080286       0x3a 
 *(.NMIExceptionVector.text)
 .NMIExceptionVector.text
                0x00000000400802c0        0x6 /home/jorim/esp32/workspace/4-in-a-row/build/freertos/libfreertos.a(xtensa_vectors.o)
                0x00000000400802c0                _NMIExceptionVector
                0x0000000000000300                . = 0x300
 *fill*         0x00000000400802c6       0x3a 
 *(.KernelExceptionVector.text)
 .KernelExceptionVector.text
                0x0000000040080300        0x6 /home/jorim/esp32/workspace/4-in-a-row/build/freertos/libfreertos.a(xtensa_vectors.o)
                0x0000000040080300                _KernelExceptionVector
                0x0000000000000340                . = 0x340
 *fill*         0x0000000040080306       0x3a 
 *(.UserExceptionVector.text)
 .UserExceptionVector.text
                0x0000000040080340        0x6 /home/jorim/esp32/workspace/4-in-a-row/build/freertos/libfreertos.a(xtensa_vectors.o)
                0x0000000040080340                _UserExceptionVector
                0x00000000000003c0                . = 0x3c0
 *fill*         0x0000000040080346       0x7a 
 *(.DoubleExceptionVector.text)
 .DoubleExceptionVector.text
                0x00000000400803c0        0xf /home/jorim/esp32/workspace/4-in-a-row/build/freertos/libfreertos.a(xtensa_vectors.o)
                0x00000000400803c0                _DoubleExceptionVector
                0x0000000000000400                . = 0x400
 *fill*         0x00000000400803cf       0x31 
 *(.*Vector.literal)
 *(.UserEnter.literal)
 *(.UserEnter.text)
                0x0000000040080400                . = ALIGN (0x10)
 *(.entry.text)
 *(.init.literal)
 *(.init)
                0x0000000040080400                _init_end = ABSOLUTE (.)
                0x0000000000000000                _iram_start = 0x0

.iram0.text     0x0000000040080400     0x80a0
                0x0000000040080400                _iram_text_start = ABSOLUTE (.)
 *(.iram1 .iram1.*)
 .iram1.literal
                0x0000000040080400        0xc /home/jorim/esp32/workspace/4-in-a-row/build/esp32/libesp32.a(cache_err_int.o)
                                         0x18 (size before relaxing)
 .iram1.literal
                0x000000004008040c       0xb8 /home/jorim/esp32/workspace/4-in-a-row/build/esp32/libesp32.a(cpu_start.o)
                                        0x1c4 (size before relaxing)
 .iram1.literal
                0x00000000400804c4       0x20 /home/jorim/esp32/workspace/4-in-a-row/build/esp32/libesp32.a(ipc.o)
                                         0x34 (size before relaxing)
 .iram1.literal
                0x00000000400804e4       0x20 /home/jorim/esp32/workspace/4-in-a-row/build/esp32/libesp32.a(esp_timer.o)
                                         0x64 (size before relaxing)
 .iram1.literal
                0x0000000040080504       0x38 /home/jorim/esp32/workspace/4-in-a-row/build/esp32/libesp32.a(dport_access.o)
                                         0x88 (size before relaxing)
 .iram1.literal
                0x000000004008053c       0x60 /home/jorim/esp32/workspace/4-in-a-row/build/esp32/libesp32.a(system_api.o)
                                         0xb4 (size before relaxing)
 .iram1.literal
                0x000000004008059c       0x10 /home/jorim/esp32/workspace/4-in-a-row/build/esp32/libesp32.a(dport_panic_highint_hdl.o)
                                         0x24 (size before relaxing)
 .iram1.literal
                0x00000000400805ac       0x58 /home/jorim/esp32/workspace/4-in-a-row/build/esp32/libesp32.a(esp_timer_esp32.o)
                                         0xe4 (size before relaxing)
 .iram1.literal
                0x0000000040080604        0xc /home/jorim/esp32/workspace/4-in-a-row/build/esp32/libesp32.a(clk.o)
                                         0x18 (size before relaxing)
 .iram1.literal
                0x0000000040080610       0x1c /home/jorim/esp32/workspace/4-in-a-row/build/esp32/libesp32.a(crosscore_int.o)
                                         0x40 (size before relaxing)
 .iram1.literal
                0x000000004008062c       0x1c /home/jorim/esp32/workspace/4-in-a-row/build/esp32/libesp32.a(intr_alloc.o)
                                         0x7c (size before relaxing)
 .iram1.literal
                0x0000000040080648        0x4 /home/jorim/esp32/workspace/4-in-a-row/build/freertos/libfreertos.a(port.o)
 .iram1.literal
                0x000000004008064c       0x44 /home/jorim/esp32/workspace/4-in-a-row/build/freertos/libfreertos.a(xtensa_vectors.o)
                                         0x68 (size before relaxing)
 .iram1.literal
                0x0000000040080690       0x60 /home/jorim/esp32/workspace/4-in-a-row/build/heap/libheap.a(heap_caps.o)
                                         0xa8 (size before relaxing)
 .iram1.literal
                0x00000000400806f0       0x24 /home/jorim/esp32/workspace/4-in-a-row/build/log/liblog.a(log.o)
                                         0x48 (size before relaxing)
 .iram1.literal
                0x0000000040080714        0x4 /home/jorim/esp32/workspace/4-in-a-row/build/newlib/libnewlib.a(time.o)
                                         0x28 (size before relaxing)
 .iram1.literal
                0x0000000040080718        0x0 /home/jorim/esp32/workspace/4-in-a-row/build/newlib/libnewlib.a(syscalls.o)
                                         0x14 (size before relaxing)
 .iram1.literal
                0x0000000040080718        0x8 /home/jorim/esp32/workspace/4-in-a-row/build/newlib/libnewlib.a(reent_init.o)
                                         0x10 (size before relaxing)
 .iram1.literal
                0x0000000040080720       0x14 /home/jorim/esp32/workspace/4-in-a-row/build/newlib/libnewlib.a(locks.o)
                                         0x84 (size before relaxing)
 .iram1.literal
                0x0000000040080734       0x1c /home/jorim/esp32/workspace/4-in-a-row/build/soc/libsoc.a(cpu_util.o)
                                         0x30 (size before relaxing)
 .iram1.literal
                0x0000000040080750       0x50 /home/jorim/esp32/workspace/4-in-a-row/build/spi_flash/libspi_flash.a(cache_utils.o)
                                         0xfc (size before relaxing)
 .iram1.literal
                0x00000000400807a0       0x3c /home/jorim/esp32/workspace/4-in-a-row/build/spi_flash/libspi_flash.a(flash_ops.o)
                                         0xf4 (size before relaxing)
 .iram1.literal
                0x00000000400807dc       0x48 /home/jorim/esp32/workspace/4-in-a-row/build/spi_flash/libspi_flash.a(flash_mmap.o)
                                         0xc8 (size before relaxing)
 .iram1.literal
                0x0000000040080824       0x20 /home/jorim/esp32/workspace/4-in-a-row/build/driver/libdriver.a(ledc.o)
                                         0x3c (size before relaxing)
 .iram1.literal
                0x0000000040080844        0x4 /home/jorim/esp32/workspace/4-in-a-row/build/esp32/libesp32.a(freertos_hooks.o)
 .literal.xt_unhandled_interrupt
                0x0000000040080848        0x4 /home/jorim/esp32/workspace/4-in-a-row/build/freertos/libfreertos.a(xtensa_intr.o)
                                          0x8 (size before relaxing)
 .literal.xt_set_interrupt_handler
                0x000000004008084c        0x8 /home/jorim/esp32/workspace/4-in-a-row/build/freertos/libfreertos.a(xtensa_intr.o)
                                          0xc (size before relaxing)
 .literal.prvCopyDataToQueue
                0x0000000040080854        0x0 /home/jorim/esp32/workspace/4-in-a-row/build/freertos/libfreertos.a(queue.o)
                                          0xc (size before relaxing)
 .literal.prvCopyDataFromQueue
                0x0000000040080854        0x0 /home/jorim/esp32/workspace/4-in-a-row/build/freertos/libfreertos.a(queue.o)
                                          0x4 (size before relaxing)
 .literal.prvNotifyQueueSetContainer
                0x0000000040080854       0x14 /home/jorim/esp32/workspace/4-in-a-row/build/freertos/libfreertos.a(queue.o)
                                         0x24 (size before relaxing)
 .literal.xQueueGenericReset
                0x0000000040080868        0x4 /home/jorim/esp32/workspace/4-in-a-row/build/freertos/libfreertos.a(queue.o)
                                         0x30 (size before relaxing)
 .literal.xQueueGenericCreate
                0x000000004008086c        0x4 /home/jorim/esp32/workspace/4-in-a-row/build/freertos/libfreertos.a(queue.o)
                                         0x1c (size before relaxing)
 .literal.xQueueGetMutexHolder
                0x0000000040080870        0x0 /home/jorim/esp32/workspace/4-in-a-row/build/freertos/libfreertos.a(queue.o)
                                          0x8 (size before relaxing)
 .literal.xQueueCreateCountingSemaphore
                0x0000000040080870        0x4 /home/jorim/esp32/workspace/4-in-a-row/build/freertos/libfreertos.a(queue.o)
                                         0x18 (size before relaxing)
 .literal.xQueueGenericSend
                0x0000000040080874        0x4 /home/jorim/esp32/workspace/4-in-a-row/build/freertos/libfreertos.a(queue.o)
                                         0x60 (size before relaxing)
 .literal.xQueueCreateMutex
                0x0000000040080878        0x0 /home/jorim/esp32/workspace/4-in-a-row/build/freertos/libfreertos.a(queue.o)
                                          0xc (size before relaxing)
 .literal.xQueueGiveMutexRecursive
                0x0000000040080878        0x4 /home/jorim/esp32/workspace/4-in-a-row/build/freertos/libfreertos.a(queue.o)
                                         0x1c (size before relaxing)
 .literal.xQueueGenericSendFromISR
                0x000000004008087c        0x4 /home/jorim/esp32/workspace/4-in-a-row/build/freertos/libfreertos.a(queue.o)
                                         0x2c (size before relaxing)
 .literal.xQueueGiveFromISR
                0x0000000040080880        0x4 /home/jorim/esp32/workspace/4-in-a-row/build/freertos/libfreertos.a(queue.o)
                                         0x28 (size before relaxing)
 .literal.xQueueGenericReceive
                0x0000000040080884        0x4 /home/jorim/esp32/workspace/4-in-a-row/build/freertos/libfreertos.a(queue.o)
                                         0x60 (size before relaxing)
 .literal.xQueueTakeMutexRecursive
                0x0000000040080888        0x4 /home/jorim/esp32/workspace/4-in-a-row/build/freertos/libfreertos.a(queue.o)
                                         0x1c (size before relaxing)
 .literal.xQueueReceiveFromISR
                0x000000004008088c        0x4 /home/jorim/esp32/workspace/4-in-a-row/build/freertos/libfreertos.a(queue.o)
                                         0x28 (size before relaxing)
 .literal.vQueueDelete
                0x0000000040080890        0x4 /home/jorim/esp32/workspace/4-in-a-row/build/freertos/libfreertos.a(queue.o)
                                         0x18 (size before relaxing)
 .literal.vQueueWaitForMessageRestricted
                0x0000000040080894        0x0 /home/jorim/esp32/workspace/4-in-a-row/build/freertos/libfreertos.a(queue.o)
                                          0xc (size before relaxing)
 .literal.pxPortInitialiseStack
                0x0000000040080894       0x10 /home/jorim/esp32/workspace/4-in-a-row/build/freertos/libfreertos.a(port.o)
                                         0x18 (size before relaxing)
 .literal.xPortStartScheduler
                0x00000000400808a4        0x0 /home/jorim/esp32/workspace/4-in-a-row/build/freertos/libfreertos.a(port.o)
                                         0x14 (size before relaxing)
 .literal.xPortSysTickHandler
                0x00000000400808a4        0x0 /home/jorim/esp32/workspace/4-in-a-row/build/freertos/libfreertos.a(port.o)
                                          0x8 (size before relaxing)
 .literal.vPortYieldOtherCore
                0x00000000400808a4        0x0 /home/jorim/esp32/workspace/4-in-a-row/build/freertos/libfreertos.a(port.o)
                                          0x4 (size before relaxing)
 .literal.vPortReleaseTaskMPUSettings
                0x00000000400808a4        0x0 /home/jorim/esp32/workspace/4-in-a-row/build/freertos/libfreertos.a(port.o)
                                          0x4 (size before relaxing)
 .literal.xPortInIsrContext
                0x00000000400808a4        0x0 /home/jorim/esp32/workspace/4-in-a-row/build/freertos/libfreertos.a(port.o)
                                          0x8 (size before relaxing)
 .literal.vPortCPUInitializeMutex
                0x00000000400808a4        0x4 /home/jorim/esp32/workspace/4-in-a-row/build/freertos/libfreertos.a(port.o)
 .literal.vPortCPUAcquireMutex
                0x00000000400808a8       0x1c /home/jorim/esp32/workspace/4-in-a-row/build/freertos/libfreertos.a(port.o)
                                         0x28 (size before relaxing)
 .literal.vPortCPUReleaseMutex
                0x00000000400808c4       0x10 /home/jorim/esp32/workspace/4-in-a-row/build/freertos/libfreertos.a(port.o)
                                         0x20 (size before relaxing)
 .literal.prvInitialiseNewTask
                0x00000000400808d4        0x0 /home/jorim/esp32/workspace/4-in-a-row/build/freertos/libfreertos.a(tasks.o)
                                         0x18 (size before relaxing)
 .literal.prvResetNextTaskUnblockTime
                0x00000000400808d4        0x8 /home/jorim/esp32/workspace/4-in-a-row/build/freertos/libfreertos.a(tasks.o)
 .literal.prvDeleteTLS
                0x00000000400808dc       0x10 /home/jorim/esp32/workspace/4-in-a-row/build/freertos/libfreertos.a(tasks.o)
                                         0x18 (size before relaxing)
 .literal.prvDeleteTCB
                0x00000000400808ec        0x8 /home/jorim/esp32/workspace/4-in-a-row/build/freertos/libfreertos.a(tasks.o)
                                         0x28 (size before relaxing)
 .literal.prvAddCurrentTaskToDelayedList
                0x00000000400808f4        0x8 /home/jorim/esp32/workspace/4-in-a-row/build/freertos/libfreertos.a(tasks.o)
                                         0x1c (size before relaxing)
 .literal.taskYIELD_OTHER_CORE
                0x00000000400808fc        0x0 /home/jorim/esp32/workspace/4-in-a-row/build/freertos/libfreertos.a(tasks.o)
                                          0xc (size before relaxing)
 .literal.vTaskSuspendAll
                0x00000000400808fc        0x4 /home/jorim/esp32/workspace/4-in-a-row/build/freertos/libfreertos.a(tasks.o)
                                          0x8 (size before relaxing)
 .literal.vTaskSwitchContext
                0x0000000040080900       0x1c /home/jorim/esp32/workspace/4-in-a-row/build/freertos/libfreertos.a(tasks.o)
                                         0x3c (size before relaxing)
 .literal.vTaskSetTimeOutState
                0x000000004008091c        0xc /home/jorim/esp32/workspace/4-in-a-row/build/freertos/libfreertos.a(tasks.o)
                                         0x20 (size before relaxing)
 .literal.xTaskGetCurrentTaskHandle
                0x0000000040080928        0x0 /home/jorim/esp32/workspace/4-in-a-row/build/freertos/libfreertos.a(tasks.o)
                                          0x8 (size before relaxing)
 .literal.__getreent
                0x0000000040080928        0x0 /home/jorim/esp32/workspace/4-in-a-row/build/freertos/libfreertos.a(tasks.o)
                                          0x8 (size before relaxing)
 .literal.xTaskGetCurrentTaskHandleForCPU
                0x0000000040080928        0x0 /home/jorim/esp32/workspace/4-in-a-row/build/freertos/libfreertos.a(tasks.o)
                                          0x4 (size before relaxing)
 .literal.xTaskGetSchedulerState
                0x0000000040080928        0x4 /home/jorim/esp32/workspace/4-in-a-row/build/freertos/libfreertos.a(tasks.o)
                                          0xc (size before relaxing)
 .literal.vTaskEnterCritical
                0x000000004008092c       0x14 /home/jorim/esp32/workspace/4-in-a-row/build/freertos/libfreertos.a(tasks.o)
                                         0x2c (size before relaxing)
 .literal.vTaskExitCritical
                0x0000000040080940       0x10 /home/jorim/esp32/workspace/4-in-a-row/build/freertos/libfreertos.a(tasks.o)
                                         0x28 (size before relaxing)
 .literal.prvAddNewTaskToReadyList$isra$9
                0x0000000040080950       0x28 /home/jorim/esp32/workspace/4-in-a-row/build/freertos/libfreertos.a(tasks.o)
                                         0x90 (size before relaxing)
 .literal.xTaskCreatePinnedToCore
                0x0000000040080978        0x0 /home/jorim/esp32/workspace/4-in-a-row/build/freertos/libfreertos.a(tasks.o)
                                         0x18 (size before relaxing)
 .literal.vTaskStartScheduler
                0x0000000040080978       0x18 /home/jorim/esp32/workspace/4-in-a-row/build/freertos/libfreertos.a(tasks.o)
                                         0x40 (size before relaxing)
 .literal.vTaskDelete
                0x0000000040080990        0x8 /home/jorim/esp32/workspace/4-in-a-row/build/freertos/libfreertos.a(tasks.o)
                                         0x60 (size before relaxing)
 .literal.vTaskDelay
                0x0000000040080998        0x4 /home/jorim/esp32/workspace/4-in-a-row/build/freertos/libfreertos.a(tasks.o)
                                         0x38 (size before relaxing)
 .literal.prvIdleTask
                0x000000004008099c        0x8 /home/jorim/esp32/workspace/4-in-a-row/build/freertos/libfreertos.a(tasks.o)
                                         0x38 (size before relaxing)
 .literal.xTaskGetTickCountFromISR
                0x00000000400809a4        0x4 /home/jorim/esp32/workspace/4-in-a-row/build/freertos/libfreertos.a(tasks.o)
                                         0x10 (size before relaxing)
 .literal.xTaskGetTickCount
                0x00000000400809a8        0x0 /home/jorim/esp32/workspace/4-in-a-row/build/freertos/libfreertos.a(tasks.o)
                                          0x4 (size before relaxing)
 .literal.xTaskIncrementTick
                0x00000000400809a8        0xc /home/jorim/esp32/workspace/4-in-a-row/build/freertos/libfreertos.a(tasks.o)
                                         0x78 (size before relaxing)
 .literal.xTaskResumeAll
                0x00000000400809b4        0x8 /home/jorim/esp32/workspace/4-in-a-row/build/freertos/libfreertos.a(tasks.o)
                                         0x5c (size before relaxing)
 .literal.vTaskPlaceOnEventList
                0x00000000400809bc        0x8 /home/jorim/esp32/workspace/4-in-a-row/build/freertos/libfreertos.a(tasks.o)
                                         0x40 (size before relaxing)
 .literal.vTaskPlaceOnEventListRestricted
                0x00000000400809c4        0x8 /home/jorim/esp32/workspace/4-in-a-row/build/freertos/libfreertos.a(tasks.o)
                                         0x38 (size before relaxing)
 .literal.xTaskRemoveFromEventList
                0x00000000400809cc        0x8 /home/jorim/esp32/workspace/4-in-a-row/build/freertos/libfreertos.a(tasks.o)
                                         0x58 (size before relaxing)
 .literal.xTaskCheckForTimeOut
                0x00000000400809d4        0xc /home/jorim/esp32/workspace/4-in-a-row/build/freertos/libfreertos.a(tasks.o)
                                         0x34 (size before relaxing)
 .literal.vTaskPriorityInherit
                0x00000000400809e0        0x0 /home/jorim/esp32/workspace/4-in-a-row/build/freertos/libfreertos.a(tasks.o)
                                         0x2c (size before relaxing)
 .literal.xTaskPriorityDisinherit
                0x00000000400809e0        0x8 /home/jorim/esp32/workspace/4-in-a-row/build/freertos/libfreertos.a(tasks.o)
                                         0x40 (size before relaxing)
 .literal.pvTaskIncrementMutexHeldCount
                0x00000000400809e8        0x0 /home/jorim/esp32/workspace/4-in-a-row/build/freertos/libfreertos.a(tasks.o)
                                         0x10 (size before relaxing)
 .literal.uxTaskGetSnapshotAll
                0x00000000400809e8        0x0 /home/jorim/esp32/workspace/4-in-a-row/build/freertos/libfreertos.a(tasks.o)
                                         0x38 (size before relaxing)
 .literal.prvInsertTimerInActiveList
                0x00000000400809e8        0x8 /home/jorim/esp32/workspace/4-in-a-row/build/freertos/libfreertos.a(timers.o)
                                          0xc (size before relaxing)
 .literal.prvCheckForValidListAndQueue
                0x00000000400809f0       0x1c /home/jorim/esp32/workspace/4-in-a-row/build/freertos/libfreertos.a(timers.o)
                                         0x44 (size before relaxing)
 .literal.xTimerCreateTimerTask
                0x0000000040080a0c       0x10 /home/jorim/esp32/workspace/4-in-a-row/build/freertos/libfreertos.a(timers.o)
                                         0x2c (size before relaxing)
 .literal.xTimerGenericCommand
                0x0000000040080a1c        0x0 /home/jorim/esp32/workspace/4-in-a-row/build/freertos/libfreertos.a(timers.o)
                                         0x10 (size before relaxing)
 .literal.prvSwitchTimerLists
                0x0000000040080a1c        0x4 /home/jorim/esp32/workspace/4-in-a-row/build/freertos/libfreertos.a(timers.o)
                                         0x28 (size before relaxing)
 .literal.prvTimerTask
                0x0000000040080a20        0xc /home/jorim/esp32/workspace/4-in-a-row/build/freertos/libfreertos.a(timers.o)
                                         0x70 (size before relaxing)
 .literal       0x0000000040080a2c        0x0 /home/jorim/esp32/workspace/4-in-a-row/build/freertos/libfreertos.a(xtensa_context.o)
                                         0x10 (size before relaxing)
 .literal       0x0000000040080a2c       0x10 /home/jorim/esp32/workspace/4-in-a-row/build/freertos/libfreertos.a(portasm.o)
                                         0x54 (size before relaxing)
 .literal._xt_tick_divisor_init
                0x0000000040080a3c        0x4 /home/jorim/esp32/workspace/4-in-a-row/build/freertos/libfreertos.a(xtensa_init.o)
                                          0xc (size before relaxing)
 .literal.get_next_block
                0x0000000040080a40        0xc /home/jorim/esp32/workspace/4-in-a-row/build/heap/libheap.a(multi_heap.o)
                                         0x10 (size before relaxing)
 .literal.multi_heap_assert$constprop$5
                0x0000000040080a4c        0x4 /home/jorim/esp32/workspace/4-in-a-row/build/heap/libheap.a(multi_heap.o)
                                          0xc (size before relaxing)
 .literal.get_prev_free_block
                0x0000000040080a50        0x8 /home/jorim/esp32/workspace/4-in-a-row/build/heap/libheap.a(multi_heap.o)
                                         0x1c (size before relaxing)
 .literal.split_if_necessary
                0x0000000040080a58        0x8 /home/jorim/esp32/workspace/4-in-a-row/build/heap/libheap.a(multi_heap.o)
                                         0x3c (size before relaxing)
 .literal.merge_adjacent
                0x0000000040080a60        0x8 /home/jorim/esp32/workspace/4-in-a-row/build/heap/libheap.a(multi_heap.o)
                                         0x30 (size before relaxing)
 .literal.assert_valid_block
                0x0000000040080a68        0x0 /home/jorim/esp32/workspace/4-in-a-row/build/heap/libheap.a(multi_heap.o)
                                         0x10 (size before relaxing)
 .literal.multi_heap_get_allocated_size_impl
                0x0000000040080a68        0x0 /home/jorim/esp32/workspace/4-in-a-row/build/heap/libheap.a(multi_heap.o)
                                          0xc (size before relaxing)
 .literal.multi_heap_internal_lock
                0x0000000040080a68        0x0 /home/jorim/esp32/workspace/4-in-a-row/build/heap/libheap.a(multi_heap.o)
                                          0x4 (size before relaxing)
 .literal.multi_heap_internal_unlock
                0x0000000040080a68        0x0 /home/jorim/esp32/workspace/4-in-a-row/build/heap/libheap.a(multi_heap.o)
                                          0x4 (size before relaxing)
 .literal.multi_heap_malloc_impl
                0x0000000040080a68        0x0 /home/jorim/esp32/workspace/4-in-a-row/build/heap/libheap.a(multi_heap.o)
                                         0x24 (size before relaxing)
 .literal.multi_heap_free_impl
                0x0000000040080a68        0x0 /home/jorim/esp32/workspace/4-in-a-row/build/heap/libheap.a(multi_heap.o)
                                         0x34 (size before relaxing)
 .literal.multi_heap_realloc_impl
                0x0000000040080a68        0x8 /home/jorim/esp32/workspace/4-in-a-row/build/heap/libheap.a(multi_heap.o)
                                         0x74 (size before relaxing)
 .literal.panicPutChar
                0x0000000040080a70        0x4 /home/jorim/esp32/workspace/4-in-a-row/build/esp32/libesp32.a(panic.o)
                                          0x8 (size before relaxing)
 .literal.panicPutStr
                0x0000000040080a74        0x0 /home/jorim/esp32/workspace/4-in-a-row/build/esp32/libesp32.a(panic.o)
                                          0x4 (size before relaxing)
 .literal.panicPutHex
                0x0000000040080a74        0x0 /home/jorim/esp32/workspace/4-in-a-row/build/esp32/libesp32.a(panic.o)
                                          0x4 (size before relaxing)
 .literal.panicPutDec
                0x0000000040080a74        0x4 /home/jorim/esp32/workspace/4-in-a-row/build/esp32/libesp32.a(panic.o)
                                          0xc (size before relaxing)
 .literal.unlikely.reconfigureAllWdts
                0x0000000040080a78        0xc /home/jorim/esp32/workspace/4-in-a-row/build/esp32/libesp32.a(panic.o)
                                         0x24 (size before relaxing)
 .literal.disableAllWdts
                0x0000000040080a84        0x0 /home/jorim/esp32/workspace/4-in-a-row/build/esp32/libesp32.a(panic.o)
                                         0x10 (size before relaxing)
 .literal.unlikely.putEntry
                0x0000000040080a84       0x10 /home/jorim/esp32/workspace/4-in-a-row/build/esp32/libesp32.a(panic.o)
                                         0x20 (size before relaxing)
 .literal.invoke_abort
                0x0000000040080a94        0x4 /home/jorim/esp32/workspace/4-in-a-row/build/esp32/libesp32.a(panic.o)
                                          0x8 (size before relaxing)
 .literal.unlikely.commonErrorHandler_dump
                0x0000000040080a98       0x40 /home/jorim/esp32/workspace/4-in-a-row/build/esp32/libesp32.a(panic.o)
                                         0xb0 (size before relaxing)
 .literal.abort
                0x0000000040080ad8        0x8 /home/jorim/esp32/workspace/4-in-a-row/build/esp32/libesp32.a(panic.o)
                                         0x10 (size before relaxing)
 .literal.vApplicationStackOverflowHook
                0x0000000040080ae0        0x8 /home/jorim/esp32/workspace/4-in-a-row/build/esp32/libesp32.a(panic.o)
                                         0x18 (size before relaxing)
 .literal.esp_panic_wdt_stop
                0x0000000040080ae8        0x8 /home/jorim/esp32/workspace/4-in-a-row/build/esp32/libesp32.a(panic.o)
                                         0x18 (size before relaxing)
 .literal.commonErrorHandler
                0x0000000040080af0       0x18 /home/jorim/esp32/workspace/4-in-a-row/build/esp32/libesp32.a(panic.o)
                                         0x74 (size before relaxing)
 .literal.panicHandler
                0x0000000040080b08       0x34 /home/jorim/esp32/workspace/4-in-a-row/build/esp32/libesp32.a(panic.o)
                                         0x98 (size before relaxing)
 .literal.xt_unhandled_exception
                0x0000000040080b3c       0x14 /home/jorim/esp32/workspace/4-in-a-row/build/esp32/libesp32.a(panic.o)
                                         0x5c (size before relaxing)
 .literal._esp_error_check_failed
                0x0000000040080b50       0x14 /home/jorim/esp32/workspace/4-in-a-row/build/esp32/libesp32.a(panic.o)
                                         0x30 (size before relaxing)
 .literal.esp_core_dump_flash_write_data
                0x0000000040080b64       0x20 /home/jorim/esp32/workspace/4-in-a-row/build/esp32/libesp32.a(core_dump.o)
                                         0x3c (size before relaxing)
 .literal.esp_core_dump_flash_write_prepare
                0x0000000040080b84       0x10 /home/jorim/esp32/workspace/4-in-a-row/build/esp32/libesp32.a(core_dump.o)
                                         0x34 (size before relaxing)
 .literal.esp_core_dump_flash_write_word$constprop$4
                0x0000000040080b94       0x10 /home/jorim/esp32/workspace/4-in-a-row/build/esp32/libesp32.a(core_dump.o)
                                         0x2c (size before relaxing)
 .literal.esp_core_dump_flash_write_end
                0x0000000040080ba4        0x4 /home/jorim/esp32/workspace/4-in-a-row/build/esp32/libesp32.a(core_dump.o)
                                         0x1c (size before relaxing)
 .literal.esp_core_dump_flash_write_start
                0x0000000040080ba8        0x0 /home/jorim/esp32/workspace/4-in-a-row/build/esp32/libesp32.a(core_dump.o)
                                          0x4 (size before relaxing)
 .literal.esp_core_dump_write$constprop$3
                0x0000000040080ba8       0x2c /home/jorim/esp32/workspace/4-in-a-row/build/esp32/libesp32.a(core_dump.o)
                                         0x7c (size before relaxing)
 .literal.esp_core_dump_to_flash
                0x0000000040080bd4       0x1c /home/jorim/esp32/workspace/4-in-a-row/build/esp32/libesp32.a(core_dump.o)
                                         0x38 (size before relaxing)
 .literal.esp_core_dump_init
                0x0000000040080bf0        0x4 /home/jorim/esp32/workspace/4-in-a-row/build/esp32/libesp32.a(core_dump.o)
                                         0x1c (size before relaxing)
 .literal.rtc_init
                0x0000000040080bf4       0x98 /home/jorim/esp32/workspace/4-in-a-row/build/soc/libsoc.a(rtc_init.o)
                                         0xdc (size before relaxing)
 .literal.rtc_clk_cal_internal
                0x0000000040080c8c       0x1c /home/jorim/esp32/workspace/4-in-a-row/build/soc/libsoc.a(rtc_time.o)
                                         0x38 (size before relaxing)
 .literal.rtc_clk_cal
                0x0000000040080ca8        0x0 /home/jorim/esp32/workspace/4-in-a-row/build/soc/libsoc.a(rtc_time.o)
                                          0xc (size before relaxing)
 .literal.rtc_time_get
                0x0000000040080ca8       0x10 /home/jorim/esp32/workspace/4-in-a-row/build/soc/libsoc.a(rtc_time.o)
                                         0x18 (size before relaxing)
 .literal.rtc_clk_wait_for_slow_cycle
                0x0000000040080cb8        0x8 /home/jorim/esp32/workspace/4-in-a-row/build/soc/libsoc.a(rtc_time.o)
                                         0x1c (size before relaxing)
 .literal.rtc_clk_32k_enable_internal$constprop$4
                0x0000000040080cc0       0x14 /home/jorim/esp32/workspace/4-in-a-row/build/soc/libsoc.a(rtc_clk.o)
 .literal.rtc_clk_32k_enable
                0x0000000040080cd4        0x0 /home/jorim/esp32/workspace/4-in-a-row/build/soc/libsoc.a(rtc_clk.o)
                                          0xc (size before relaxing)
 .literal.rtc_clk_32k_bootstrap
                0x0000000040080cd4        0xc /home/jorim/esp32/workspace/4-in-a-row/build/soc/libsoc.a(rtc_clk.o)
                                         0x34 (size before relaxing)
 .literal.rtc_clk_slow_freq_set
                0x0000000040080ce0        0x0 /home/jorim/esp32/workspace/4-in-a-row/build/soc/libsoc.a(rtc_clk.o)
                                          0xc (size before relaxing)
 .literal.rtc_clk_slow_freq_get_hz
                0x0000000040080ce0        0x4 /home/jorim/esp32/workspace/4-in-a-row/build/soc/libsoc.a(rtc_clk.o)
                                          0x8 (size before relaxing)
 .literal.rtc_clk_fast_freq_set
                0x0000000040080ce4        0x0 /home/jorim/esp32/workspace/4-in-a-row/build/soc/libsoc.a(rtc_clk.o)
                                          0xc (size before relaxing)
 .literal.rtc_clk_bbpll_set
                0x0000000040080ce4       0x20 /home/jorim/esp32/workspace/4-in-a-row/build/soc/libsoc.a(rtc_clk.o)
                                         0x5c (size before relaxing)
 .literal.rtc_clk_xtal_freq_get
                0x0000000040080d04        0xc /home/jorim/esp32/workspace/4-in-a-row/build/soc/libsoc.a(rtc_clk.o)
                                         0x18 (size before relaxing)
 .literal.rtc_clk_cpu_freq_get
                0x0000000040080d10       0x14 /home/jorim/esp32/workspace/4-in-a-row/build/soc/libsoc.a(rtc_clk.o)
                                         0x24 (size before relaxing)
 .literal.rtc_clk_cpu_freq_value
                0x0000000040080d24       0x1c /home/jorim/esp32/workspace/4-in-a-row/build/soc/libsoc.a(rtc_clk.o)
                                         0x2c (size before relaxing)
 .literal.rtc_clk_apb_freq_update
                0x0000000040080d40        0x4 /home/jorim/esp32/workspace/4-in-a-row/build/soc/libsoc.a(rtc_clk.o)
 .literal.rtc_clk_cpu_freq_set
                0x0000000040080d44       0x20 /home/jorim/esp32/workspace/4-in-a-row/build/soc/libsoc.a(rtc_clk.o)
                                         0x80 (size before relaxing)
 .literal.rtc_clk_apb_freq_get
                0x0000000040080d64        0x8 /home/jorim/esp32/workspace/4-in-a-row/build/soc/libsoc.a(rtc_clk.o)
                                         0x10 (size before relaxing)
 .literal       0x0000000040080d6c        0x0 /home/jorim/esp32/esp-idf/components/esp32/libhal.a(windowspill_asm.o)
                                          0x4 (size before relaxing)
 .literal.esp_rom_spiflash_read_status
                0x0000000040080d6c       0x10 /home/jorim/esp32/workspace/4-in-a-row/build/spi_flash/libspi_flash.a(spi_flash_rom_patch.o)
                                         0x14 (size before relaxing)
 .literal.esp_rom_spiflash_wait_idle
                0x0000000040080d7c        0x8 /home/jorim/esp32/workspace/4-in-a-row/build/spi_flash/libspi_flash.a(spi_flash_rom_patch.o)
                                          0xc (size before relaxing)
 .literal.esp_rom_spiflash_enable_write$constprop$6
                0x0000000040080d84        0x4 /home/jorim/esp32/workspace/4-in-a-row/build/spi_flash/libspi_flash.a(spi_flash_rom_patch.o)
                                         0x14 (size before relaxing)
 .literal.esp_rom_spiflash_program_page_internal$constprop$4
                0x0000000040080d88       0x10 /home/jorim/esp32/workspace/4-in-a-row/build/spi_flash/libspi_flash.a(spi_flash_rom_patch.o)
                                         0x28 (size before relaxing)
 .literal.esp_rom_spiflash_read_statushigh
                0x0000000040080d98        0x0 /home/jorim/esp32/workspace/4-in-a-row/build/spi_flash/libspi_flash.a(spi_flash_rom_patch.o)
                                          0xc (size before relaxing)
 .literal.esp_rom_spiflash_write_status
                0x0000000040080d98        0x4 /home/jorim/esp32/workspace/4-in-a-row/build/spi_flash/libspi_flash.a(spi_flash_rom_patch.o)
                                         0x14 (size before relaxing)
 .literal.esp_rom_spiflash_unlock
                0x0000000040080d9c        0x8 /home/jorim/esp32/workspace/4-in-a-row/build/spi_flash/libspi_flash.a(spi_flash_rom_patch.o)
                                         0x28 (size before relaxing)
 .literal.esp_rom_spiflash_erase_block
                0x0000000040080da4        0xc /home/jorim/esp32/workspace/4-in-a-row/build/spi_flash/libspi_flash.a(spi_flash_rom_patch.o)
                                         0x34 (size before relaxing)
 .literal.esp_rom_spiflash_erase_sector
                0x0000000040080db0        0x0 /home/jorim/esp32/workspace/4-in-a-row/build/spi_flash/libspi_flash.a(spi_flash_rom_patch.o)
                                         0x34 (size before relaxing)
 .literal.esp_rom_spiflash_write
                0x0000000040080db0        0x0 /home/jorim/esp32/workspace/4-in-a-row/build/spi_flash/libspi_flash.a(spi_flash_rom_patch.o)
                                         0x24 (size before relaxing)
 .literal.esp_rom_spiflash_write_encrypted
                0x0000000040080db0        0xc /home/jorim/esp32/workspace/4-in-a-row/build/spi_flash/libspi_flash.a(spi_flash_rom_patch.o)
                                         0x10 (size before relaxing)
 .literal.esp_rom_spiflash_read
                0x0000000040080dbc       0x34 /home/jorim/esp32/workspace/4-in-a-row/build/spi_flash/libspi_flash.a(spi_flash_rom_patch.o)
                                         0x70 (size before relaxing)
 .literal       0x0000000040080df0        0x8 /home/jorim/esp32/esp-idf/components/newlib/lib/libm.a(lib_a-s_fpclassify.o)
                                         0x18 (size before relaxing)
 .literal       0x0000000040080df8        0x4 /home/jorim/esp32/esp-idf/components/newlib/lib/libc_nano.a(lib_a-sf_nan.o)
 .iram1         0x0000000040080dfc       0x27 /home/jorim/esp32/workspace/4-in-a-row/build/esp32/libesp32.a(cache_err_int.o)
                                         0x2f (size before relaxing)
                0x0000000040080dfc                esp_cache_err_get_cpuid
 *fill*         0x0000000040080e23        0x1 
 .iram1         0x0000000040080e24      0x2be /home/jorim/esp32/workspace/4-in-a-row/build/esp32/libesp32.a(cpu_start.o)
                                        0x36a (size before relaxing)
                0x0000000040080e24                start_cpu0
                0x0000000040080e24                start_cpu0_default
                0x0000000040080f18                start_cpu1_default
                0x0000000040080f18                start_cpu1
                0x0000000040080fb0                call_start_cpu0
 *fill*         0x00000000400810e2        0x2 
 .iram1         0x00000000400810e4       0x7b /home/jorim/esp32/workspace/4-in-a-row/build/esp32/libesp32.a(ipc.o)
                                         0x87 (size before relaxing)
 *fill*         0x000000004008115f        0x1 
 .iram1         0x0000000040081160      0x1ef /home/jorim/esp32/workspace/4-in-a-row/build/esp32/libesp32.a(esp_timer.o)
                                        0x203 (size before relaxing)
                0x0000000040081240                esp_timer_start_once
                0x0000000040081288                esp_timer_start_periodic
                0x00000000400812dc                esp_timer_stop
                0x0000000040081320                esp_timer_get_next_alarm
                0x0000000040081340                esp_timer_get_time
 *fill*         0x000000004008134f        0x1 
 .iram1         0x0000000040081350      0x1be /home/jorim/esp32/workspace/4-in-a-row/build/esp32/libesp32.a(dport_access.o)
                                        0x1ce (size before relaxing)
                0x0000000040081350                esp_dport_access_stall_other_cpu_start
                0x00000000400813e8                esp_dport_access_stall_other_cpu_end
                0x0000000040081458                esp_dport_access_stall_other_cpu_start_wrap
                0x0000000040081460                esp_dport_access_stall_other_cpu_end_wrap
                0x0000000040081468                esp_dport_access_int_pause
                0x000000004008148c                esp_dport_access_int_abort
                0x00000000400814a0                esp_dport_access_int_resume
                0x00000000400814c4                esp_dport_access_reg_read
                0x00000000400814dc                esp_dport_access_sequence_reg_read
                0x00000000400814e8                esp_dport_access_read_buffer
 *fill*         0x000000004008150e        0x2 
 .iram1         0x0000000040081510      0x196 /home/jorim/esp32/workspace/4-in-a-row/build/esp32/libesp32.a(system_api.o)
                                        0x1cd (size before relaxing)
                0x0000000040081528                esp_restart_noos
                0x0000000040081688                esp_restart
                0x0000000040081688                system_restart
 *fill*         0x00000000400816a6        0x2 
 .iram1         0x00000000400816a8       0xce /home/jorim/esp32/workspace/4-in-a-row/build/esp32/libesp32.a(dport_panic_highint_hdl.o)
                0x00000000400816a8                xt_highint4
                0x0000000040081776                ld_include_panic_highint_hdl
 *fill*         0x0000000040081776        0x2 
 .iram1         0x0000000040081778      0x2df /home/jorim/esp32/workspace/4-in-a-row/build/esp32/libesp32.a(esp_timer_esp32.o)
                                        0x2ef (size before relaxing)
                0x0000000040081888                esp_timer_impl_get_time
                0x00000000400818d4                esp_timer_impl_set_alarm
                0x00000000400819b4                esp_timer_impl_update_apb_freq
                0x0000000040081a4c                esp_timer_impl_get_min_period_us
 *fill*         0x0000000040081a57        0x1 
 .iram1         0x0000000040081a58       0x37 /home/jorim/esp32/workspace/4-in-a-row/build/esp32/libesp32.a(clk.o)
                0x0000000040081a58                esp_clk_cpu_freq
                0x0000000040081a68                esp_clk_apb_freq
                0x0000000040081a80                ets_update_cpu_frequency
 *fill*         0x0000000040081a8f        0x1 
 .iram1         0x0000000040081a90       0xac /home/jorim/esp32/workspace/4-in-a-row/build/esp32/libesp32.a(crosscore_int.o)
                                         0xbc (size before relaxing)
                0x0000000040081b24                esp_crosscore_int_send_yield
                0x0000000040081b30                esp_crosscore_int_send_freq_switch
 .iram1         0x0000000040081b3c      0x27e /home/jorim/esp32/workspace/4-in-a-row/build/esp32/libesp32.a(intr_alloc.o)
                                        0x29a (size before relaxing)
                0x0000000040081b78                esp_intr_set_in_iram
                0x0000000040081bec                esp_intr_enable
                0x0000000040081c60                esp_intr_disable
                0x0000000040081d1c                esp_intr_noniram_disable
                0x0000000040081d68                esp_intr_noniram_enable
                0x0000000040081da4                ets_isr_unmask
                0x0000000040081db0                ets_isr_mask
 *fill*         0x0000000040081dba        0x2 
 .iram1         0x0000000040081dbc       0x1a /home/jorim/esp32/workspace/4-in-a-row/build/freertos/libfreertos.a(port.o)
                0x0000000040081dbc                xPortInterruptedFromISRContext
 *fill*         0x0000000040081dd6        0x2 
 .iram1         0x0000000040081dd8      0x4b4 /home/jorim/esp32/workspace/4-in-a-row/build/freertos/libfreertos.a(xtensa_vectors.o)
                0x0000000040081dd8                _xt_panic
                0x0000000040081ef0                _xt_user_exit
                0x00000000400821dc                _xt_medint2_exit
                0x0000000040082278                _xt_medint3_exit
 .iram1         0x000000004008228c      0x355 /home/jorim/esp32/workspace/4-in-a-row/build/heap/libheap.a(heap_caps.o)
                                        0x365 (size before relaxing)
                0x00000000400822b0                heap_caps_malloc
                0x0000000040082390                heap_caps_malloc_default
                0x00000000400823bc                heap_caps_malloc_prefer
                0x0000000040082410                heap_caps_free
                0x0000000040082448                heap_caps_realloc
                0x00000000400824d8                heap_caps_realloc_default
                0x000000004008250c                heap_caps_realloc_prefer
                0x0000000040082570                heap_caps_calloc
                0x0000000040082590                heap_caps_calloc_prefer
 *fill*         0x00000000400825e1        0x3 
 .iram1         0x00000000400825e4      0x175 /home/jorim/esp32/workspace/4-in-a-row/build/log/liblog.a(log.o)
                                        0x185 (size before relaxing)
                0x00000000400825e4                esp_log_write
                0x0000000040082708                esp_log_early_timestamp
                0x0000000040082724                esp_log_timestamp
 *fill*         0x0000000040082759        0x3 
 .iram1         0x000000004008275c       0x75 /home/jorim/esp32/workspace/4-in-a-row/build/newlib/libnewlib.a(time.o)
                                         0x85 (size before relaxing)
                0x000000004008275c                _gettimeofday_r
                0x00000000400827ac                _times_r
 *fill*         0x00000000400827d1        0x3 
 .iram1         0x00000000400827d4       0x4a /home/jorim/esp32/workspace/4-in-a-row/build/newlib/libnewlib.a(syscalls.o)
                                         0x52 (size before relaxing)
                0x00000000400827d4                _malloc_r
                0x00000000400827e0                _free_r
                0x00000000400827ec                _realloc_r
                0x0000000040082800                _calloc_r
 *fill*         0x000000004008281e        0x2 
 .iram1         0x0000000040082820       0x3c /home/jorim/esp32/workspace/4-in-a-row/build/newlib/libnewlib.a(reent_init.o)
                0x0000000040082820                esp_reent_init
 .iram1         0x000000004008285c      0x1c8 /home/jorim/esp32/workspace/4-in-a-row/build/newlib/libnewlib.a(locks.o)
                                        0x1f4 (size before relaxing)
                0x000000004008296c                _lock_init
                0x000000004008297c                _lock_init_recursive
                0x000000004008298c                _lock_close
                0x00000000400829cc                _lock_acquire
                0x00000000400829dc                _lock_acquire_recursive
                0x00000000400829ec                _lock_try_acquire
                0x00000000400829fc                _lock_try_acquire_recursive
                0x0000000040082a0c                _lock_release
                0x0000000040082a18                _lock_release_recursive
 .iram1         0x0000000040082a24       0xf6 /home/jorim/esp32/workspace/4-in-a-row/build/soc/libsoc.a(cpu_util.o)
                0x0000000040082a24                esp_cpu_stall
                0x0000000040082aa8                esp_cpu_unstall
                0x0000000040082aec                esp_cpu_reset
                0x0000000040082b0c                esp_cpu_in_ocd_debug_mode
 *fill*         0x0000000040082b1a        0x2 
 .iram1         0x0000000040082b1c      0x29c /home/jorim/esp32/workspace/4-in-a-row/build/spi_flash/libspi_flash.a(cache_utils.o)
                                        0x2c7 (size before relaxing)
                0x0000000040082bc0                spi_flash_op_block_func
                0x0000000040082c04                spi_flash_disable_interrupts_caches_and_other_cpu
                0x0000000040082cc4                spi_flash_enable_interrupts_caches_and_other_cpu
                0x0000000040082d58                spi_flash_disable_interrupts_caches_and_other_cpu_no_os
                0x0000000040082d80                spi_flash_enable_interrupts_caches_no_os
                0x0000000040082d9c                spi_flash_cache_enabled
 *fill*         0x0000000040082db8        0x0 
 .iram1         0x0000000040082db8      0x5b2 /home/jorim/esp32/workspace/4-in-a-row/build/spi_flash/libspi_flash.a(flash_ops.o)
                                        0x5ee (size before relaxing)
                0x0000000040082e44                spi_flash_guard_set
                0x0000000040082e50                spi_flash_guard_get
                0x0000000040082e5c                spi_flash_get_chip_size
                0x0000000040082e68                spi_flash_erase_range
                0x0000000040082ee0                spi_flash_erase_sector
                0x0000000040082f00                spi_flash_write
                0x0000000040083078                spi_flash_read
                0x0000000040083254                spi_flash_read_encrypted
                0x000000004008329c                spi_flash_write_encrypted
 *fill*         0x000000004008336a        0x2 
 .iram1         0x000000004008336c      0x44e /home/jorim/esp32/workspace/4-in-a-row/build/spi_flash/libspi_flash.a(flash_mmap.o)
                                        0x46a (size before relaxing)
                0x0000000040083474                spi_flash_mmap_pages
                0x00000000400836a8                spi_flash_mmap
                0x0000000040083710                spi_flash_munmap
                0x00000000400837ac                spi_flash_mark_modified_region
 *fill*         0x00000000400837ba        0x2 
 .iram1         0x00000000400837bc      0x1c6 /home/jorim/esp32/workspace/4-in-a-row/build/driver/libdriver.a(ledc.o)
                                        0x1ce (size before relaxing)
                0x000000004008387c                ledc_fade_isr
 *fill*         0x0000000040083982        0x2 
 .iram1         0x0000000040083984       0x23 /home/jorim/esp32/workspace/4-in-a-row/build/esp32/libesp32.a(freertos_hooks.o)
                0x0000000040083984                esp_vApplicationTickHook
 *fill*         0x00000000400839a7        0x0 
 *fill*         0x00000000400839a7        0x0 
 *fill*         0x00000000400839a7        0x0 
 *fill*         0x00000000400839a7        0x0 
 *fill*         0x00000000400839a7        0x0 
 *fill*         0x00000000400839a7        0x0 
 *fill*         0x00000000400839a7        0x0 
 *fill*         0x00000000400839a7        0x0 
 *fill*         0x00000000400839a7        0x0 
 *fill*         0x00000000400839a7        0x0 
 *fill*         0x00000000400839a7        0x1 
 .iram1         0x00000000400839a8       0x2e /home/jorim/esp32/workspace/4-in-a-row/build/freertos/libfreertos.a(xtensa_vector_defaults.o)
                0x00000000400839a8                xt_debugexception
                0x00000000400839c8                xt_highint5
                0x00000000400839d0                _xt_nmi
                0x00000000400839d0                xt_nmi
 *fill*         0x00000000400839d6        0x0 
 *fill*         0x00000000400839d6        0x0 
 *fill*         0x00000000400839d6        0x0 
 *fill*         0x00000000400839d6        0x0 
 *fill*         0x00000000400839d6        0x0 
 *fill*         0x00000000400839d6        0x0 
 *fill*         0x00000000400839d6        0x0 
 *fill*         0x00000000400839d6        0x0 
 *fill*         0x00000000400839d6        0x0 
 *fill*         0x00000000400839d6        0x0 
 *libfreertos.a:(.literal .text .literal.* .text.*)
 *fill*         0x00000000400839d6        0x2 
 .text.xt_unhandled_interrupt
                0x00000000400839d8       0x16 /home/jorim/esp32/workspace/4-in-a-row/build/freertos/libfreertos.a(xtensa_intr.o)
                0x00000000400839d8                xt_unhandled_interrupt
 *fill*         0x00000000400839ee        0x2 
 .text.xt_set_interrupt_handler
                0x00000000400839f0       0x3c /home/jorim/esp32/workspace/4-in-a-row/build/freertos/libfreertos.a(xtensa_intr.o)
                0x00000000400839f0                xt_set_interrupt_handler
 .text.prvCopyDataToQueue
                0x0000000040083a2c       0x88 /home/jorim/esp32/workspace/4-in-a-row/build/freertos/libfreertos.a(queue.o)
 .text.prvCopyDataFromQueue
                0x0000000040083ab4       0x23 /home/jorim/esp32/workspace/4-in-a-row/build/freertos/libfreertos.a(queue.o)
 *fill*         0x0000000040083ad7        0x1 
 .text.prvNotifyQueueSetContainer
                0x0000000040083ad8       0x5b /home/jorim/esp32/workspace/4-in-a-row/build/freertos/libfreertos.a(queue.o)
                                         0x63 (size before relaxing)
 *fill*         0x0000000040083b33        0x1 
 .text.xQueueGenericReset
                0x0000000040083b34       0x86 /home/jorim/esp32/workspace/4-in-a-row/build/freertos/libfreertos.a(queue.o)
                                         0x96 (size before relaxing)
                0x0000000040083b34                xQueueGenericReset
 *fill*         0x0000000040083bba        0x2 
 .text.xQueueGenericCreate
                0x0000000040083bbc       0x52 /home/jorim/esp32/workspace/4-in-a-row/build/freertos/libfreertos.a(queue.o)
                                         0x56 (size before relaxing)
                0x0000000040083bbc                xQueueGenericCreate
 *fill*         0x0000000040083c0e        0x2 
 .text.xQueueGetMutexHolder
                0x0000000040083c10       0x20 /home/jorim/esp32/workspace/4-in-a-row/build/freertos/libfreertos.a(queue.o)
                                         0x24 (size before relaxing)
                0x0000000040083c10                xQueueGetMutexHolder
 .text.xQueueCreateCountingSemaphore
                0x0000000040083c30       0x46 /home/jorim/esp32/workspace/4-in-a-row/build/freertos/libfreertos.a(queue.o)
                0x0000000040083c30                xQueueCreateCountingSemaphore
 *fill*         0x0000000040083c76        0x2 
 .text.xQueueGenericSend
                0x0000000040083c78      0x137 /home/jorim/esp32/workspace/4-in-a-row/build/freertos/libfreertos.a(queue.o)
                                        0x167 (size before relaxing)
                0x0000000040083c78                xQueueGenericSend
 *fill*         0x0000000040083daf        0x1 
 .text.xQueueCreateMutex
                0x0000000040083db0       0x2e /home/jorim/esp32/workspace/4-in-a-row/build/freertos/libfreertos.a(queue.o)
                                         0x36 (size before relaxing)
                0x0000000040083db0                xQueueCreateMutex
 *fill*         0x0000000040083dde        0x2 
 .text.xQueueGiveMutexRecursive
                0x0000000040083de0       0x41 /home/jorim/esp32/workspace/4-in-a-row/build/freertos/libfreertos.a(queue.o)
                                         0x45 (size before relaxing)
                0x0000000040083de0                xQueueGiveMutexRecursive
 *fill*         0x0000000040083e21        0x3 
 .text.xQueueGenericSendFromISR
                0x0000000040083e24       0xbe /home/jorim/esp32/workspace/4-in-a-row/build/freertos/libfreertos.a(queue.o)
                                         0xc6 (size before relaxing)
                0x0000000040083e24                xQueueGenericSendFromISR
 *fill*         0x0000000040083ee2        0x2 
 .text.xQueueGiveFromISR
                0x0000000040083ee4       0xb6 /home/jorim/esp32/workspace/4-in-a-row/build/freertos/libfreertos.a(queue.o)
                                         0xbe (size before relaxing)
                0x0000000040083ee4                xQueueGiveFromISR
 *fill*         0x0000000040083f9a        0x2 
 .text.xQueueGenericReceive
                0x0000000040083f9c      0x124 /home/jorim/esp32/workspace/4-in-a-row/build/freertos/libfreertos.a(queue.o)
                                        0x14f (size before relaxing)
                0x0000000040083f9c                xQueueGenericReceive
 *fill*         0x00000000400840c0        0x0 
 .text.xQueueTakeMutexRecursive
                0x00000000400840c0       0x51 /home/jorim/esp32/workspace/4-in-a-row/build/freertos/libfreertos.a(queue.o)
                0x00000000400840c0                xQueueTakeMutexRecursive
 *fill*         0x0000000040084111        0x3 
 .text.xQueueReceiveFromISR
                0x0000000040084114       0x89 /home/jorim/esp32/workspace/4-in-a-row/build/freertos/libfreertos.a(queue.o)
                                         0x95 (size before relaxing)
                0x0000000040084114                xQueueReceiveFromISR
 *fill*         0x000000004008419d        0x3 
 .text.vQueueDelete
                0x00000000400841a0       0x27 /home/jorim/esp32/workspace/4-in-a-row/build/freertos/libfreertos.a(queue.o)
                0x00000000400841a0                vQueueDelete
 *fill*         0x00000000400841c7        0x1 
 .text.vQueueWaitForMessageRestricted
                0x00000000400841c8       0x23 /home/jorim/esp32/workspace/4-in-a-row/build/freertos/libfreertos.a(queue.o)
                                         0x2a (size before relaxing)
                0x00000000400841c8                vQueueWaitForMessageRestricted
 *fill*         0x00000000400841eb        0x1 
 .text.pxPortInitialiseStack
                0x00000000400841ec       0x7f /home/jorim/esp32/workspace/4-in-a-row/build/freertos/libfreertos.a(port.o)
                0x00000000400841ec                pxPortInitialiseStack
 *fill*         0x000000004008426b        0x1 
 .text.xPortStartScheduler
                0x000000004008426c       0x22 /home/jorim/esp32/workspace/4-in-a-row/build/freertos/libfreertos.a(port.o)
                                         0x2e (size before relaxing)
                0x000000004008426c                xPortStartScheduler
 *fill*         0x000000004008428e        0x2 
 .text.xPortSysTickHandler
                0x0000000040084290       0x10 /home/jorim/esp32/workspace/4-in-a-row/build/freertos/libfreertos.a(port.o)
                                         0x16 (size before relaxing)
                0x0000000040084290                xPortSysTickHandler
 *fill*         0x00000000400842a0        0x0 
 .text.vPortYieldOtherCore
                0x00000000400842a0        0xa /home/jorim/esp32/workspace/4-in-a-row/build/freertos/libfreertos.a(port.o)
                                          0xe (size before relaxing)
                0x00000000400842a0                vPortYieldOtherCore
 *fill*         0x00000000400842aa        0x2 
 .text.vPortReleaseTaskMPUSettings
                0x00000000400842ac        0xa /home/jorim/esp32/workspace/4-in-a-row/build/freertos/libfreertos.a(port.o)
                                          0xe (size before relaxing)
                0x00000000400842ac                vPortReleaseTaskMPUSettings
 *fill*         0x00000000400842b6        0x2 
 .text.xPortInIsrContext
                0x00000000400842b8       0x23 /home/jorim/esp32/workspace/4-in-a-row/build/freertos/libfreertos.a(port.o)
                0x00000000400842b8                xPortInIsrContext
 *fill*         0x00000000400842db        0x1 
 .text.vPortCPUInitializeMutex
                0x00000000400842dc        0xe /home/jorim/esp32/workspace/4-in-a-row/build/freertos/libfreertos.a(port.o)
                0x00000000400842dc                vPortCPUInitializeMutex
 *fill*         0x00000000400842ea        0x2 
 .text.vPortCPUAcquireMutex
                0x00000000400842ec       0x7a /home/jorim/esp32/workspace/4-in-a-row/build/freertos/libfreertos.a(port.o)
                0x00000000400842ec                vPortCPUAcquireMutex
 *fill*         0x0000000040084366        0x2 
 .text.vPortCPUReleaseMutex
                0x0000000040084368       0x55 /home/jorim/esp32/workspace/4-in-a-row/build/freertos/libfreertos.a(port.o)
                0x0000000040084368                vPortCPUReleaseMutex
 *fill*         0x00000000400843bd        0x3 
 .text.prvInitialiseNewTask
                0x00000000400843c0       0xc4 /home/jorim/esp32/workspace/4-in-a-row/build/freertos/libfreertos.a(tasks.o)
                                         0xd0 (size before relaxing)
 .text.prvResetNextTaskUnblockTime
                0x0000000040084484       0x2a /home/jorim/esp32/workspace/4-in-a-row/build/freertos/libfreertos.a(tasks.o)
 *fill*         0x00000000400844ae        0x2 
 .text.prvDeleteTLS
                0x00000000400844b0       0x36 /home/jorim/esp32/workspace/4-in-a-row/build/freertos/libfreertos.a(tasks.o)
                                         0x39 (size before relaxing)
 *fill*         0x00000000400844e6        0x2 
 .text.prvDeleteTCB
                0x00000000400844e8       0x52 /home/jorim/esp32/workspace/4-in-a-row/build/freertos/libfreertos.a(tasks.o)
                                         0x59 (size before relaxing)
 *fill*         0x000000004008453a        0x2 
 .text.prvAddCurrentTaskToDelayedList
                0x000000004008453c       0x56 /home/jorim/esp32/workspace/4-in-a-row/build/freertos/libfreertos.a(tasks.o)
                                         0x5a (size before relaxing)
 *fill*         0x0000000040084592        0x2 
 .text.taskYIELD_OTHER_CORE
                0x0000000040084594       0x53 /home/jorim/esp32/workspace/4-in-a-row/build/freertos/libfreertos.a(tasks.o)
                                         0x56 (size before relaxing)
                0x0000000040084594                taskYIELD_OTHER_CORE
 *fill*         0x00000000400845e7        0x1 
 .text.vTaskSuspendAll
                0x00000000400845e8       0x26 /home/jorim/esp32/workspace/4-in-a-row/build/freertos/libfreertos.a(tasks.o)
                0x00000000400845e8                vTaskSuspendAll
 *fill*         0x000000004008460e        0x2 
 .text.vTaskSwitchContext
                0x0000000040084610      0x1a3 /home/jorim/esp32/workspace/4-in-a-row/build/freertos/libfreertos.a(tasks.o)
                                        0x1af (size before relaxing)
                0x0000000040084610                vTaskSwitchContext
 *fill*         0x00000000400847b3        0x1 
 .text.vTaskSetTimeOutState
                0x00000000400847b4       0x34 /home/jorim/esp32/workspace/4-in-a-row/build/freertos/libfreertos.a(tasks.o)
                0x00000000400847b4                vTaskSetTimeOutState
 .text.xTaskGetCurrentTaskHandle
                0x00000000400847e8       0x1f /home/jorim/esp32/workspace/4-in-a-row/build/freertos/libfreertos.a(tasks.o)
                0x00000000400847e8                xTaskGetCurrentTaskHandle
 *fill*         0x0000000040084807        0x1 
 .text.__getreent
                0x0000000040084808       0x17 /home/jorim/esp32/workspace/4-in-a-row/build/freertos/libfreertos.a(tasks.o)
                0x0000000040084808                __getreent
 *fill*         0x000000004008481f        0x1 
 .text.xTaskGetCurrentTaskHandleForCPU
                0x0000000040084820       0x17 /home/jorim/esp32/workspace/4-in-a-row/build/freertos/libfreertos.a(tasks.o)
                0x0000000040084820                xTaskGetCurrentTaskHandleForCPU
 *fill*         0x0000000040084837        0x1 
 .text.xTaskGetSchedulerState
                0x0000000040084838       0x34 /home/jorim/esp32/workspace/4-in-a-row/build/freertos/libfreertos.a(tasks.o)
                0x0000000040084838                xTaskGetSchedulerState
 .text.vTaskEnterCritical
                0x000000004008486c       0xa2 /home/jorim/esp32/workspace/4-in-a-row/build/freertos/libfreertos.a(tasks.o)
                0x000000004008486c                vTaskEnterCritical
 *fill*         0x000000004008490e        0x2 
 .text.vTaskExitCritical
                0x0000000040084910       0x7f /home/jorim/esp32/workspace/4-in-a-row/build/freertos/libfreertos.a(tasks.o)
                0x0000000040084910                vTaskExitCritical
 *fill*         0x000000004008498f        0x1 
 .text.prvAddNewTaskToReadyList$isra$9
                0x0000000040084990      0x180 /home/jorim/esp32/workspace/4-in-a-row/build/freertos/libfreertos.a(tasks.o)
                                        0x1a4 (size before relaxing)
 .text.xTaskCreatePinnedToCore
                0x0000000040084b10       0x64 /home/jorim/esp32/workspace/4-in-a-row/build/freertos/libfreertos.a(tasks.o)
                                         0x70 (size before relaxing)
                0x0000000040084b10                xTaskCreatePinnedToCore
 .text.vTaskStartScheduler
                0x0000000040084b74       0x70 /home/jorim/esp32/workspace/4-in-a-row/build/freertos/libfreertos.a(tasks.o)
                                         0x7c (size before relaxing)
                0x0000000040084b74                vTaskStartScheduler
 .text.vTaskDelete
                0x0000000040084be4      0x102 /home/jorim/esp32/workspace/4-in-a-row/build/freertos/libfreertos.a(tasks.o)
                                        0x11a (size before relaxing)
                0x0000000040084be4                vTaskDelete
 *fill*         0x0000000040084ce6        0x2 
 .text.vTaskDelay
                0x0000000040084ce8       0x6a /home/jorim/esp32/workspace/4-in-a-row/build/freertos/libfreertos.a(tasks.o)
                                         0x7a (size before relaxing)
                0x0000000040084ce8                vTaskDelay
 *fill*         0x0000000040084d52        0x2 
 .text.prvIdleTask
                0x0000000040084d54       0xd5 /home/jorim/esp32/workspace/4-in-a-row/build/freertos/libfreertos.a(tasks.o)
                                         0xe1 (size before relaxing)
 *fill*         0x0000000040084e29        0x3 
 .text.xTaskGetTickCountFromISR
                0x0000000040084e2c       0x1c /home/jorim/esp32/workspace/4-in-a-row/build/freertos/libfreertos.a(tasks.o)
                                         0x20 (size before relaxing)
                0x0000000040084e2c                xTaskGetTickCountFromISR
 .text.xTaskGetTickCount
                0x0000000040084e48        0xa /home/jorim/esp32/workspace/4-in-a-row/build/freertos/libfreertos.a(tasks.o)
                                          0xd (size before relaxing)
                0x0000000040084e48                xTaskGetTickCount
 *fill*         0x0000000040084e52        0x2 
 .text.xTaskIncrementTick
                0x0000000040084e54      0x19b /home/jorim/esp32/workspace/4-in-a-row/build/freertos/libfreertos.a(tasks.o)
                                        0x1b7 (size before relaxing)
                0x0000000040084e54                xTaskIncrementTick
 *fill*         0x0000000040084fef        0x1 
 .text.xTaskResumeAll
                0x0000000040084ff0      0x153 /home/jorim/esp32/workspace/4-in-a-row/build/freertos/libfreertos.a(tasks.o)
                                        0x16b (size before relaxing)
                0x0000000040084ff0                xTaskResumeAll
 *fill*         0x0000000040085143        0x1 
 .text.vTaskPlaceOnEventList
                0x0000000040085144       0x74 /home/jorim/esp32/workspace/4-in-a-row/build/freertos/libfreertos.a(tasks.o)
                                         0x88 (size before relaxing)
                0x0000000040085144                vTaskPlaceOnEventList
 .text.vTaskPlaceOnEventListRestricted
                0x00000000400851b8       0x5e /home/jorim/esp32/workspace/4-in-a-row/build/freertos/libfreertos.a(tasks.o)
                                         0x6e (size before relaxing)
                0x00000000400851b8                vTaskPlaceOnEventListRestricted
 *fill*         0x0000000040085216        0x2 
 .text.xTaskRemoveFromEventList
                0x0000000040085218      0x108 /home/jorim/esp32/workspace/4-in-a-row/build/freertos/libfreertos.a(tasks.o)
                                        0x11a (size before relaxing)
                0x0000000040085218                xTaskRemoveFromEventList
 *fill*         0x0000000040085320        0x0 
 .text.xTaskCheckForTimeOut
                0x0000000040085320       0x70 /home/jorim/esp32/workspace/4-in-a-row/build/freertos/libfreertos.a(tasks.o)
                                         0x78 (size before relaxing)
                0x0000000040085320                xTaskCheckForTimeOut
 .text.vTaskPriorityInherit
                0x0000000040085390       0xb3 /home/jorim/esp32/workspace/4-in-a-row/build/freertos/libfreertos.a(tasks.o)
                                         0xc6 (size before relaxing)
                0x0000000040085390                vTaskPriorityInherit
 *fill*         0x0000000040085443        0x1 
 .text.xTaskPriorityDisinherit
                0x0000000040085444       0x8a /home/jorim/esp32/workspace/4-in-a-row/build/freertos/libfreertos.a(tasks.o)
                                         0x9a (size before relaxing)
                0x0000000040085444                xTaskPriorityDisinherit
 *fill*         0x00000000400854ce        0x2 
 .text.pvTaskIncrementMutexHeldCount
                0x00000000400854d0       0x42 /home/jorim/esp32/workspace/4-in-a-row/build/freertos/libfreertos.a(tasks.o)
                                         0x46 (size before relaxing)
                0x00000000400854d0                pvTaskIncrementMutexHeldCount
 *fill*         0x0000000040085512        0x2 
 .text.uxTaskGetSnapshotAll
                0x0000000040085514       0x93 /home/jorim/esp32/workspace/4-in-a-row/build/freertos/libfreertos.a(tasks.o)
                                         0xa3 (size before relaxing)
                0x0000000040085514                uxTaskGetSnapshotAll
 *fill*         0x00000000400855a7        0x1 
 .text.prvInsertTimerInActiveList
                0x00000000400855a8       0x3a /home/jorim/esp32/workspace/4-in-a-row/build/freertos/libfreertos.a(timers.o)
 *fill*         0x00000000400855e2        0x2 
 .text.prvCheckForValidListAndQueue
                0x00000000400855e4       0x60 /home/jorim/esp32/workspace/4-in-a-row/build/freertos/libfreertos.a(timers.o)
                                         0x78 (size before relaxing)
 .text.xTimerCreateTimerTask
                0x0000000040085644       0x43 /home/jorim/esp32/workspace/4-in-a-row/build/freertos/libfreertos.a(timers.o)
                                         0x47 (size before relaxing)
                0x0000000040085644                xTimerCreateTimerTask
 *fill*         0x0000000040085687        0x1 
 .text.xTimerGenericCommand
                0x0000000040085688       0x3e /home/jorim/esp32/workspace/4-in-a-row/build/freertos/libfreertos.a(timers.o)
                                         0x46 (size before relaxing)
                0x0000000040085688                xTimerGenericCommand
 *fill*         0x00000000400856c6        0x2 
 .text.prvSwitchTimerLists
                0x00000000400856c8       0x70 /home/jorim/esp32/workspace/4-in-a-row/build/freertos/libfreertos.a(timers.o)
                                         0x7c (size before relaxing)
 .text.prvTimerTask
                0x0000000040085738      0x18a /home/jorim/esp32/workspace/4-in-a-row/build/freertos/libfreertos.a(timers.o)
                                        0x1be (size before relaxing)
 *fill*         0x00000000400858c2        0x2 
 .text          0x00000000400858c4      0x12b /home/jorim/esp32/workspace/4-in-a-row/build/freertos/libfreertos.a(xtensa_context.o)
                0x00000000400858c4                _xt_context_save
                0x000000004008592c                _xt_context_restore
                0x0000000040085970                _xt_coproc_init
                0x0000000040085984                _xt_coproc_release
                0x00000000400859b0                _xt_coproc_savecs
                0x00000000400859d0                _xt_coproc_restorecs
 *fill*         0x00000000400859ef        0x1 
 .text          0x00000000400859f0      0x1d0 /home/jorim/esp32/workspace/4-in-a-row/build/freertos/libfreertos.a(portasm.o)
                0x00000000400859f0                _frxt_setup_switch
                0x0000000040085a08                _frxt_int_enter
                0x0000000040085a50                _frxt_int_exit
                0x0000000040085aa0                _frxt_timer_int
                0x0000000040085ac8                _frxt_tick_timer_init
                0x0000000040085ae0                _frxt_dispatch
                0x0000000040085b28                vPortYield
                0x0000000040085b74                vPortYieldFromInt
                0x0000000040085b94                _frxt_task_coproc_state
 .text._xt_tick_divisor_init
                0x0000000040085bc0       0x1c /home/jorim/esp32/workspace/4-in-a-row/build/freertos/libfreertos.a(xtensa_init.o)
                                         0x1f (size before relaxing)
                0x0000000040085bc0                _xt_tick_divisor_init
 *fill*         0x0000000040085bdc        0x0 
 *fill*         0x0000000040085bdc        0x0 
 *fill*         0x0000000040085bdc        0x0 
 *fill*         0x0000000040085bdc        0x0 
 *fill*         0x0000000040085bdc        0x0 
 *fill*         0x0000000040085bdc        0x0 
 *fill*         0x0000000040085bdc        0x0 
 *fill*         0x0000000040085bdc        0x0 
 *fill*         0x0000000040085bdc        0x0 
 *fill*         0x0000000040085bdc        0x0 
 *fill*         0x0000000040085bdc        0x0 
 *fill*         0x0000000040085bdc        0x0 
 *fill*         0x0000000040085bdc        0x0 
 *fill*         0x0000000040085bdc        0x0 
 *fill*         0x0000000040085bdc        0x0 
 *fill*         0x0000000040085bdc        0x0 
 *fill*         0x0000000040085bdc        0x0 
 .text.vListInitialise
                0x0000000040085bdc       0x15 /home/jorim/esp32/workspace/4-in-a-row/build/freertos/libfreertos.a(list.o)
                0x0000000040085bdc                vListInitialise
 *fill*         0x0000000040085bf1        0x3 
 .text.vListInitialiseItem
                0x0000000040085bf4        0x9 /home/jorim/esp32/workspace/4-in-a-row/build/freertos/libfreertos.a(list.o)
                0x0000000040085bf4                vListInitialiseItem
 *fill*         0x0000000040085bfd        0x3 
 .text.vListInsertEnd
                0x0000000040085c00       0x1b /home/jorim/esp32/workspace/4-in-a-row/build/freertos/libfreertos.a(list.o)
                0x0000000040085c00                vListInsertEnd
 *fill*         0x0000000040085c1b        0x1 
 .text.vListInsert
                0x0000000040085c1c       0x2d /home/jorim/esp32/workspace/4-in-a-row/build/freertos/libfreertos.a(list.o)
                0x0000000040085c1c                vListInsert
 *fill*         0x0000000040085c49        0x3 
 .text.uxListRemove
                0x0000000040085c4c       0x22 /home/jorim/esp32/workspace/4-in-a-row/build/freertos/libfreertos.a(list.o)
                0x0000000040085c4c                uxListRemove
 *fill*         0x0000000040085c6e        0x0 
 *fill*         0x0000000040085c6e        0x0 
 *fill*         0x0000000040085c6e        0x0 
 *fill*         0x0000000040085c6e        0x0 
 *fill*         0x0000000040085c6e        0x2 
 .text.vPortStoreTaskMPUSettings
                0x0000000040085c70       0x11 /home/jorim/esp32/workspace/4-in-a-row/build/freertos/libfreertos.a(port.o)
                0x0000000040085c70                vPortStoreTaskMPUSettings
 *fill*         0x0000000040085c81        0x0 
 *fill*         0x0000000040085c81        0x0 
 *fill*         0x0000000040085c81        0x0 
 *fill*         0x0000000040085c81        0x0 
 *fill*         0x0000000040085c81        0x0 
 *fill*         0x0000000040085c81        0x0 
 *fill*         0x0000000040085c81        0x3 
 .text.prvTaskGetSnapshotsFromList
                0x0000000040085c84       0x4e /home/jorim/esp32/workspace/4-in-a-row/build/freertos/libfreertos.a(tasks.o)
 *fill*         0x0000000040085cd2        0x0 
 *fill*         0x0000000040085cd2        0x0 
 *fill*         0x0000000040085cd2        0x0 
 *fill*         0x0000000040085cd2        0x0 
 *fill*         0x0000000040085cd2        0x0 
 *fill*         0x0000000040085cd2        0x0 
 *fill*         0x0000000040085cd2        0x0 
 *fill*         0x0000000040085cd2        0x0 
 *fill*         0x0000000040085cd2        0x0 
 *fill*         0x0000000040085cd2        0x0 
 *fill*         0x0000000040085cd2        0x0 
 *fill*         0x0000000040085cd2        0x0 
 *fill*         0x0000000040085cd2        0x0 
 *fill*         0x0000000040085cd2        0x0 
 *fill*         0x0000000040085cd2        0x0 
 *fill*         0x0000000040085cd2        0x0 
 *fill*         0x0000000040085cd2        0x0 
 *fill*         0x0000000040085cd2        0x0 
 *fill*         0x0000000040085cd2        0x0 
 *fill*         0x0000000040085cd2        0x0 
 *fill*         0x0000000040085cd2        0x0 
 *fill*         0x0000000040085cd2        0x0 
 *fill*         0x0000000040085cd2        0x0 
 *fill*         0x0000000040085cd2        0x0 
 *fill*         0x0000000040085cd2        0x0 
 *fill*         0x0000000040085cd2        0x0 
 *fill*         0x0000000040085cd2        0x0 
 *fill*         0x0000000040085cd2        0x2 
 .text          0x0000000040085cd4       0x33 /home/jorim/esp32/workspace/4-in-a-row/build/freertos/libfreertos.a(xtensa_intr_asm.o)
                0x0000000040085cd4                xt_ints_on
                0x0000000040085cec                xt_ints_off
 *fill*         0x0000000040085d07        0x0 
 *fill*         0x0000000040085d07        0x0 
 *libheap.a:multi_heap.o(.literal .text .literal.* .text.*)
 *fill*         0x0000000040085d07        0x1 
 .text.get_next_block
                0x0000000040085d08       0x25 /home/jorim/esp32/workspace/4-in-a-row/build/heap/libheap.a(multi_heap.o)
 *fill*         0x0000000040085d2d        0x3 
 .text.multi_heap_assert$constprop$5
                0x0000000040085d30       0x18 /home/jorim/esp32/workspace/4-in-a-row/build/heap/libheap.a(multi_heap.o)
                                         0x1c (size before relaxing)
 .text.get_prev_free_block
                0x0000000040085d48       0x56 /home/jorim/esp32/workspace/4-in-a-row/build/heap/libheap.a(multi_heap.o)
                                         0x61 (size before relaxing)
 *fill*         0x0000000040085d9e        0x2 
 .text.split_if_necessary
                0x0000000040085da0       0xf6 /home/jorim/esp32/workspace/4-in-a-row/build/heap/libheap.a(multi_heap.o)
                                        0x10e (size before relaxing)
 *fill*         0x0000000040085e96        0x2 
 .text.merge_adjacent
                0x0000000040085e98       0xfc /home/jorim/esp32/workspace/4-in-a-row/build/heap/libheap.a(multi_heap.o)
                                        0x110 (size before relaxing)
 .text.assert_valid_block
                0x0000000040085f94       0x6a /home/jorim/esp32/workspace/4-in-a-row/build/heap/libheap.a(multi_heap.o)
                                         0x71 (size before relaxing)
 *fill*         0x0000000040085ffe        0x2 
 .text.multi_heap_get_allocated_size_impl
                0x0000000040086000       0x29 /home/jorim/esp32/workspace/4-in-a-row/build/heap/libheap.a(multi_heap.o)
                                         0x31 (size before relaxing)
                0x0000000040086000                multi_heap_get_allocated_size
                0x0000000040086000                multi_heap_get_allocated_size_impl
 *fill*         0x0000000040086029        0x3 
 .text.multi_heap_internal_lock
                0x000000004008602c        0xc /home/jorim/esp32/workspace/4-in-a-row/build/heap/libheap.a(multi_heap.o)
                                          0xf (size before relaxing)
                0x000000004008602c                multi_heap_internal_lock
 *fill*         0x0000000040086038        0x0 
 .text.multi_heap_internal_unlock
                0x0000000040086038        0xc /home/jorim/esp32/workspace/4-in-a-row/build/heap/libheap.a(multi_heap.o)
                                          0xf (size before relaxing)
                0x0000000040086038                multi_heap_internal_unlock
 *fill*         0x0000000040086044        0x0 
 .text.multi_heap_malloc_impl
                0x0000000040086044       0xcc /home/jorim/esp32/workspace/4-in-a-row/build/heap/libheap.a(multi_heap.o)
                                         0xe0 (size before relaxing)
                0x0000000040086044                multi_heap_malloc
                0x0000000040086044                multi_heap_malloc_impl
 .text.multi_heap_free_impl
                0x0000000040086110       0xcf /home/jorim/esp32/workspace/4-in-a-row/build/heap/libheap.a(multi_heap.o)
                                         0xfa (size before relaxing)
                0x0000000040086110                multi_heap_free
                0x0000000040086110                multi_heap_free_impl
 *fill*         0x00000000400861df        0x1 
 .text.multi_heap_realloc_impl
                0x00000000400861e0      0x162 /home/jorim/esp32/workspace/4-in-a-row/build/heap/libheap.a(multi_heap.o)
                                        0x196 (size before relaxing)
                0x00000000400861e0                multi_heap_realloc
                0x00000000400861e0                multi_heap_realloc_impl
 *fill*         0x0000000040086342        0x2 
 .text.block_data_size
                0x0000000040086344       0x19 /home/jorim/esp32/workspace/4-in-a-row/build/heap/libheap.a(multi_heap.o)
 *fill*         0x000000004008635d        0x0 
 *fill*         0x000000004008635d        0x0 
 *fill*         0x000000004008635d        0x0 
 *fill*         0x000000004008635d        0x0 
 *fill*         0x000000004008635d        0x0 
 *fill*         0x000000004008635d        0x3 
 .text.multi_heap_register_impl
                0x0000000040086360       0x4b /home/jorim/esp32/workspace/4-in-a-row/build/heap/libheap.a(multi_heap.o)
                0x0000000040086360                multi_heap_register_impl
                0x0000000040086360                multi_heap_register
 *fill*         0x00000000400863ab        0x1 
 .text.multi_heap_set_lock
                0x00000000400863ac        0x7 /home/jorim/esp32/workspace/4-in-a-row/build/heap/libheap.a(multi_heap.o)
                0x00000000400863ac                multi_heap_set_lock
 *fill*         0x00000000400863b3        0x0 
 *fill*         0x00000000400863b3        0x0 
 *fill*         0x00000000400863b3        0x0 
 *fill*         0x00000000400863b3        0x0 
 *libheap.a:multi_heap_poisoning.o(.literal .text .literal.* .text.*)
 *libesp32.a:panic.o(.literal .text .literal.* .text.*)
 *fill*         0x00000000400863b3        0x1 
 .text.panicPutChar
                0x00000000400863b4       0x1e /home/jorim/esp32/workspace/4-in-a-row/build/esp32/libesp32.a(panic.o)
 *fill*         0x00000000400863d2        0x2 
 .text.panicPutStr
                0x00000000400863d4       0x1a /home/jorim/esp32/workspace/4-in-a-row/build/esp32/libesp32.a(panic.o)
 *fill*         0x00000000400863ee        0x2 
 .text.panicPutHex
                0x00000000400863f0       0x25 /home/jorim/esp32/workspace/4-in-a-row/build/esp32/libesp32.a(panic.o)
                                         0x28 (size before relaxing)
 *fill*         0x0000000040086415        0x3 
 .text.panicPutDec
                0x0000000040086418       0x38 /home/jorim/esp32/workspace/4-in-a-row/build/esp32/libesp32.a(panic.o)
                                         0x3e (size before relaxing)
 *fill*         0x0000000040086450        0x0 
 .text.unlikely.reconfigureAllWdts
                0x0000000040086450       0xa8 /home/jorim/esp32/workspace/4-in-a-row/build/esp32/libesp32.a(panic.o)
 .text.disableAllWdts
                0x00000000400864f8       0x49 /home/jorim/esp32/workspace/4-in-a-row/build/esp32/libesp32.a(panic.o)
 *fill*         0x0000000040086541        0x3 
 .text.unlikely.putEntry
                0x0000000040086544       0x2b /home/jorim/esp32/workspace/4-in-a-row/build/esp32/libesp32.a(panic.o)
                                         0x37 (size before relaxing)
 *fill*         0x000000004008656f        0x1 
 .text.invoke_abort
                0x0000000040086570       0x20 /home/jorim/esp32/workspace/4-in-a-row/build/esp32/libesp32.a(panic.o)
 .text.unlikely.commonErrorHandler_dump
                0x0000000040086590      0x129 /home/jorim/esp32/workspace/4-in-a-row/build/esp32/libesp32.a(panic.o)
                                        0x171 (size before relaxing)
 *fill*         0x00000000400866b9        0x3 
 .text.abort    0x00000000400866bc       0x2a /home/jorim/esp32/workspace/4-in-a-row/build/esp32/libesp32.a(panic.o)
                                         0x2d (size before relaxing)
                0x00000000400866bc                abort
 *fill*         0x00000000400866e6        0x2 
 .text.vApplicationStackOverflowHook
                0x00000000400866e8       0x17 /home/jorim/esp32/workspace/4-in-a-row/build/esp32/libesp32.a(panic.o)
                                         0x23 (size before relaxing)
                0x00000000400866e8                vApplicationStackOverflowHook
 *fill*         0x00000000400866ff        0x1 
 .text.esp_panic_wdt_stop
                0x0000000040086700       0x44 /home/jorim/esp32/workspace/4-in-a-row/build/esp32/libesp32.a(panic.o)
                0x0000000040086700                esp_panic_wdt_stop
 .text.commonErrorHandler
                0x0000000040086744      0x10f /home/jorim/esp32/workspace/4-in-a-row/build/esp32/libesp32.a(panic.o)
                                        0x12f (size before relaxing)
 *fill*         0x0000000040086853        0x1 
 .text.panicHandler
                0x0000000040086854      0x111 /home/jorim/esp32/workspace/4-in-a-row/build/esp32/libesp32.a(panic.o)
                                        0x148 (size before relaxing)
                0x0000000040086854                panicHandler
 *fill*         0x0000000040086965        0x3 
 .text.xt_unhandled_exception
                0x0000000040086968       0x7b /home/jorim/esp32/workspace/4-in-a-row/build/esp32/libesp32.a(panic.o)
                                         0xa5 (size before relaxing)
                0x0000000040086968                xt_unhandled_exception
 *fill*         0x00000000400869e3        0x1 